Component: ARM Compiler 5.06 update 5 (build 528) Tool: armlink [4d35e2]

==============================================================================

Section Cross References

    startup_stm32f10x_md.o(STACK) refers (Special) to heapauxi.o(.text) for __use_two_region_memory
    startup_stm32f10x_md.o(HEAP) refers (Special) to heapauxi.o(.text) for __use_two_region_memory
    startup_stm32f10x_md.o(RESET) refers (Special) to heapauxi.o(.text) for __use_two_region_memory
    startup_stm32f10x_md.o(RESET) refers to startup_stm32f10x_md.o(STACK) for __initial_sp
    startup_stm32f10x_md.o(RESET) refers to startup_stm32f10x_md.o(.text) for Reset_Handler
    startup_stm32f10x_md.o(RESET) refers to stm32f10x_it.o(i.NMI_Handler) for NMI_Handler
    startup_stm32f10x_md.o(RESET) refers to stm32f10x_it.o(i.HardFault_Handler) for HardFault_Handler
    startup_stm32f10x_md.o(RESET) refers to stm32f10x_it.o(i.MemManage_Handler) for MemManage_Handler
    startup_stm32f10x_md.o(RESET) refers to stm32f10x_it.o(i.BusFault_Handler) for BusFault_Handler
    startup_stm32f10x_md.o(RESET) refers to stm32f10x_it.o(i.UsageFault_Handler) for UsageFault_Handler
    startup_stm32f10x_md.o(RESET) refers to stm32f10x_it.o(i.SVC_Handler) for SVC_Handler
    startup_stm32f10x_md.o(RESET) refers to stm32f10x_it.o(i.DebugMon_Handler) for DebugMon_Handler
    startup_stm32f10x_md.o(RESET) refers to stm32f10x_it.o(i.PendSV_Handler) for PendSV_Handler
    startup_stm32f10x_md.o(RESET) refers to stm32f10x_it.o(i.SysTick_Handler) for SysTick_Handler
    startup_stm32f10x_md.o(RESET) refers to main.o(i.TIM3_IRQHandler) for TIM3_IRQHandler
    startup_stm32f10x_md.o(RESET) refers to voice.o(i.USART1_IRQHandler) for USART1_IRQHandler
    startup_stm32f10x_md.o(RESET) refers to bluetooth.o(i.USART3_IRQHandler) for USART3_IRQHandler
    startup_stm32f10x_md.o(.text) refers (Special) to heapauxi.o(.text) for __use_two_region_memory
    startup_stm32f10x_md.o(.text) refers to system_stm32f10x.o(i.SystemInit) for SystemInit
    startup_stm32f10x_md.o(.text) refers to __main.o(!!!main) for __main
    startup_stm32f10x_md.o(.text) refers to startup_stm32f10x_md.o(HEAP) for Heap_Mem
    startup_stm32f10x_md.o(.text) refers to startup_stm32f10x_md.o(STACK) for Stack_Mem
    system_stm32f10x.o(i.SetSysClock) refers to system_stm32f10x.o(i.SetSysClockTo72) for SetSysClockTo72
    system_stm32f10x.o(i.SystemCoreClockUpdate) refers to system_stm32f10x.o(.data) for SystemCoreClock
    system_stm32f10x.o(i.SystemInit) refers to system_stm32f10x.o(i.SetSysClock) for SetSysClock
    stm32f10x_adc.o(i.ADC_DeInit) refers to stm32f10x_rcc.o(i.RCC_APB2PeriphResetCmd) for RCC_APB2PeriphResetCmd
    stm32f10x_bkp.o(i.BKP_DeInit) refers to stm32f10x_rcc.o(i.RCC_BackupResetCmd) for RCC_BackupResetCmd
    stm32f10x_can.o(i.CAN_DeInit) refers to stm32f10x_rcc.o(i.RCC_APB1PeriphResetCmd) for RCC_APB1PeriphResetCmd
    stm32f10x_can.o(i.CAN_GetITStatus) refers to stm32f10x_can.o(i.CheckITStatus) for CheckITStatus
    stm32f10x_cec.o(i.CEC_DeInit) refers to stm32f10x_rcc.o(i.RCC_APB1PeriphResetCmd) for RCC_APB1PeriphResetCmd
    stm32f10x_dac.o(i.DAC_DeInit) refers to stm32f10x_rcc.o(i.RCC_APB1PeriphResetCmd) for RCC_APB1PeriphResetCmd
    stm32f10x_flash.o(i.FLASH_EnableWriteProtection) refers to stm32f10x_flash.o(i.FLASH_WaitForLastOperation) for FLASH_WaitForLastOperation
    stm32f10x_flash.o(i.FLASH_EraseAllBank1Pages) refers to stm32f10x_flash.o(i.FLASH_WaitForLastBank1Operation) for FLASH_WaitForLastBank1Operation
    stm32f10x_flash.o(i.FLASH_EraseAllPages) refers to stm32f10x_flash.o(i.FLASH_WaitForLastOperation) for FLASH_WaitForLastOperation
    stm32f10x_flash.o(i.FLASH_EraseOptionBytes) refers to stm32f10x_flash.o(i.FLASH_GetReadOutProtectionStatus) for FLASH_GetReadOutProtectionStatus
    stm32f10x_flash.o(i.FLASH_EraseOptionBytes) refers to stm32f10x_flash.o(i.FLASH_WaitForLastOperation) for FLASH_WaitForLastOperation
    stm32f10x_flash.o(i.FLASH_ErasePage) refers to stm32f10x_flash.o(i.FLASH_WaitForLastOperation) for FLASH_WaitForLastOperation
    stm32f10x_flash.o(i.FLASH_ProgramHalfWord) refers to stm32f10x_flash.o(i.FLASH_WaitForLastOperation) for FLASH_WaitForLastOperation
    stm32f10x_flash.o(i.FLASH_ProgramOptionByteData) refers to stm32f10x_flash.o(i.FLASH_WaitForLastOperation) for FLASH_WaitForLastOperation
    stm32f10x_flash.o(i.FLASH_ProgramWord) refers to stm32f10x_flash.o(i.FLASH_WaitForLastOperation) for FLASH_WaitForLastOperation
    stm32f10x_flash.o(i.FLASH_ReadOutProtection) refers to stm32f10x_flash.o(i.FLASH_WaitForLastOperation) for FLASH_WaitForLastOperation
    stm32f10x_flash.o(i.FLASH_UserOptionByteConfig) refers to stm32f10x_flash.o(i.FLASH_WaitForLastOperation) for FLASH_WaitForLastOperation
    stm32f10x_flash.o(i.FLASH_WaitForLastBank1Operation) refers to stm32f10x_flash.o(i.FLASH_GetBank1Status) for FLASH_GetBank1Status
[...]
    ../clib/printf.c                         0x00000000   Number         0  _printf_longlong_dec.o ABSOLUTE
    ../clib/printf.c                         0x00000000   Number         0  _printf_wctomb.o ABSOLUTE
    ../clib/printf.c                         0x00000000   Number         0  _sputc.o ABSOLUTE
    ../clib/printf.c                         0x00000000   Number         0  _printf_char_common.o ABSOLUTE
    ../clib/printf.c                         0x00000000   Number         0  _printf_charcount.o ABSOLUTE
    ../clib/printf.c                         0x00000000   Number         0  _printf_dec.o ABSOLUTE
    ../clib/printf.c                         0x00000000   Number         0  _printf_str.o ABSOLUTE
    ../clib/printf.c                         0x00000000   Number         0  _printf_truncate.o ABSOLUTE
    ../clib/printf.c                         0x00000000   Number         0  _printf_pad.o ABSOLUTE
    ../clib/printf.c                         0x00000000   Number         0  __printf.o ABSOLUTE
    ../clib/printf.c                         0x00000000   Number         0  vsprintf.o ABSOLUTE
    ../clib/printf.c                         0x00000000   Number         0  _printf_fp_infnan.o ABSOLUTE
    ../clib/printf.c                         0x00000000   Number         0  _printf_wchar.o ABSOLUTE
    ../clib/printf.c                         0x00000000   Number         0  _printf_char.o ABSOLUTE
    ../clib/printf.c                         0x00000000   Number         0  __printf_nopercent.o ABSOLUTE
    ../clib/printf.c                         0x00000000   Number         0  _printf_fp_hex.o ABSOLUTE
    ../clib/printf.c                         0x00000000   Number         0  _printf_fp_dec.o ABSOLUTE
    ../clib/printf_percent.s                 0x00000000   Number         0  _printf_i.o ABSOLUTE
    ../clib/printf_percent.s                 0x00000000   Number         0  _printf_d.o ABSOLUTE
    ../clib/printf_percent.s                 0x00000000   Number         0  _printf_l.o ABSOLUTE
    ../clib/printf_percent.s                 0x00000000   Number         0  _printf_percent_end.o ABSOLUTE
    ../clib/printf_percent.s                 0x00000000   Number         0  _printf_u.o ABSOLUTE
    ../clib/printf_percent.s                 0x00000000   Number         0  _printf_x.o ABSOLUTE
    ../clib/printf_percent.s                 0x00000000   Number         0  _printf_c.o ABSOLUTE
    ../clib/printf_percent.s                 0x00000000   Number         0  _printf_s.o ABSOLUTE
    ../clib/printf_percent.s                 0x00000000   Number         0  _printf_o.o ABSOLUTE
    ../clib/printf_percent.s                 0x00000000   Number         0  _printf_n.o ABSOLUTE
    ../clib/printf_percent.s                 0x00000000   Number         0  _printf_f.o ABSOLUTE
    ../clib/printf_percent.s                 0x00000000   Number         0  _printf_e.o ABSOLUTE
    ../clib/printf_percent.s                 0x00000000   Number         0  _printf_lld.o ABSOLUTE
    ../clib/printf_percent.s                 0x00000000   Number         0  _printf_g.o ABSOLUTE
    ../clib/printf_percent.s                 0x00000000   Number         0  _printf_a.o ABSOLUTE
    ../clib/printf_percent.s                 0x00000000   Number         0  _printf_ls.o ABSOLUTE
    ../clib/printf_percent.s                 0x00000000   Number         0  _printf_lli.o ABSOLUTE
    ../clib/printf_percent.s                 0x00000000   Number         0  _printf_percent.o ABSOLUTE
    ../clib/printf_percent.s                 0x00000000   Number         0  _printf_llu.o ABSOLUTE
    ../clib/printf_percent.s                 0x00000000   Number         0  _printf_lc.o ABSOLUTE
    ../clib/printf_percent.s                 0x00000000   Number         0  _printf_p.o ABSOLUTE
    ../clib/printf_percent.s                 0x00000000   Number         0  _printf_ll.o ABSOLUTE
    ../clib/printf_percent.s                 0x00000000   Number         0  _printf_llo.o ABSOLUTE
    ../clib/printf_percent.s                 0x00000000   Number         0  _printf_llx.o ABSOLUTE
    ../clib/signal.c                         0x00000000   Number         0  defsig_pvfn_inner.o ABSOLUTE
    ../clib/signal.c                         0x00000000   Number         0  defsig_stak_inner.o ABSOLUTE
    ../clib/signal.c                         0x00000000   Number         0  defsig_fpe_inner.o ABSOLUTE
    ../clib/signal.c                         0x00000000   Number         0  defsig_rtred_inner.o ABSOLUTE
    ../clib/signal.c                         0x00000000   Number         0  defsig_abrt_inner.o ABSOLUTE
    ../clib/signal.c                         0x00000000   Number         0  defsig_general.o ABSOLUTE
    ../clib/signal.c                         0x00000000   Number         0  __raise.o ABSOLUTE
    ../clib/signal.c                         0x00000000   Number         0  defsig_exit.o ABSOLUTE
    ../clib/signal.c                         0x00000000   Number         0  defsig_other.o ABSOLUTE
    ../clib/signal.c                         0x00000000   Number         0  defsig_rtmem_formal.o ABSOLUTE
    ../clib/signal.c                         0x00000000   Number         0  defsig_segv_inner.o ABSOLUTE
    ../clib/signal.c                         0x00000000   Number         0  defsig_rtmem_outer.o ABSOLUTE
    ../clib/signal.c                         0x00000000   Number         0  defsig_rtmem_inner.o ABSOLUTE
    ../clib/signal.c                         0x00000000   Number         0  defsig_cppl_inner.o ABSOLUTE
    ../clib/signal.s                         0x00000000   Number         0  defsig.o ABSOLUTE
    ../clib/stdlib.c                         0x00000000   Number         0  exit.o ABSOLUTE
    ../fplib/d2f.s                           0x00000000   Number         0  d2f.o ABSOLUTE
    ../fplib/daddsub.s                       0x00000000   Number         0  daddsub_clz.o ABSOLUTE
    ../fplib/dcheck1.s                       0x00000000   Number         0  dcheck1.o ABSOLUTE
    ../fplib/dcmpi.s                         0x00000000   Number         0  dcmpi.o ABSOLUTE
    ../fplib/ddiv.s                          0x00000000   Number         0  ddiv.o ABSOLUTE
    ../fplib/dfix.s                          0x00000000   Number         0  dfix.o ABSOLUTE
    ../fplib/dfixu.s                         0x00000000   Number         0  dfixu.o ABSOLUTE
    ../fplib/dflt.s                          0x00000000   Number         0  dflt_clz.o ABSOLUTE
    ../fplib/dleqf.s                         0x00000000   Number         0  dleqf.o ABSOLUTE
    ../fplib/dmul.s                          0x00000000   Number         0  dmul.o ABSOLUTE
    ../fplib/dnaninf.s                       0x00000000   Number         0  dnaninf.o ABSOLUTE
    ../fplib/dretinf.s                       0x00000000   Number         0  dretinf.o ABSOLUTE
    ../fplib/drleqf.s                        0x00000000   Number         0  drleqf.o ABSOLUTE
    ../fplib/drnd.s                          0x00000000   Number         0  drnd.o ABSOLUTE
    ../fplib/faddsub.s                       0x00000000   Number         0  faddsub_clz.o ABSOLUTE
    ../fplib/fcmpi.s                         0x00000000   Number         0  fcmpi.o ABSOLUTE
    ../fplib/fdiv.s                          0x00000000   Number         0  fdiv.o ABSOLUTE
    ../fplib/ffixu.s                         0x00000000   Number         0  ffixu.o ABSOLUTE
    ../fplib/fflt.s                          0x00000000   Number         0  fflt_clz.o ABSOLUTE
    ../fplib/fleqf.s                         0x00000000   Number         0  fleqf.o ABSOLUTE
    ../fplib/fmul.s                          0x00000000   Number         0  fmul.o ABSOLUTE
    ../fplib/fnaninf.s                       0x00000000   Number         0  fnaninf.o ABSOLUTE
    ../fplib/fpinit.s                        0x00000000   Number         0  fpinit.o ABSOLUTE
    ../fplib/fretinf.s                       0x00000000   Number         0  fretinf.o ABSOLUTE
    ../fplib/istatus.s                       0x00000000   Number         0  istatus.o ABSOLUTE
    ../fplib/printf1.s                       0x00000000   Number         0  printf1.o ABSOLUTE
    ../fplib/printf2.s                       0x00000000   Number         0  printf2.o ABSOLUTE
    ../fplib/printf2a.s                      0x00000000   Number         0  printf2a.o ABSOLUTE
    ../fplib/printf2b.s                      0x00000000   Number         0  printf2b.o ABSOLUTE
    ../fplib/retnan.s                        0x00000000   Number         0  retnan.o ABSOLUTE
    ../fplib/scalbn.s                        0x00000000   Number         0  scalbn.o ABSOLUTE
    ../fplib/trapv.s                         0x00000000   Number         0  trapv.o ABSOLUTE
    ../fplib/usenofp.s                       0x00000000   Number         0  usenofp.o ABSOLUTE
    ../mathlib/atan.c                        0x00000000   Number         0  atan.o ABSOLUTE
    ../mathlib/atan.c                        0x00000000   Number         0  atan_x.o ABSOLUTE
    ../mathlib/atan2.c                       0x00000000   Number         0  atan2_x.o ABSOLUTE
    ../mathlib/atan2.c                       0x00000000   Number         0  atan2.o ABSOLUTE
    ../mathlib/dunder.c                      0x00000000   Number         0  dunder.o ABSOLUTE
    ../mathlib/fpclassify.c                  0x00000000   Number         0  fpclassify.o ABSOLUTE
    ../mathlib/poly.c                        0x00000000   Number         0  poly.o ABSOLUTE
    ../mathlib/qnan.c                        0x00000000   Number         0  qnan.o ABSOLUTE
    ../mathlib/round.c                       0x00000000   Number         0  round.o ABSOLUTE
    HardWare\AD.c                            0x00000000   Number         0  ad.o ABSOLUTE
    HardWare\BlueTooth.c                     0x00000000   Number         0  bluetooth.o ABSOLUTE
    HardWare\Delay.c                         0x00000000   Number         0  delay.o ABSOLUTE
    HardWare\Face_Config.c                   0x00000000   Number         0  face_config.o ABSOLUTE
    HardWare\Led_Breathing.c                 0x00000000   Number         0  led_breathing.o ABSOLUTE
    HardWare\OLED.c                          0x00000000   Number         0  oled.o ABSOLUTE
    HardWare\OLED_Data.c                     0x00000000   Number         0  oled_data.o ABSOLUTE
    HardWare\PetAction.c                     0x00000000   Number         0  petaction.o ABSOLUTE
    HardWare\PowerDetection.c                0x00000000   Number         0  powerdetection.o ABSOLUTE
    HardWare\Servo.c                         0x00000000   Number         0  servo.o ABSOLUTE
    HardWare\Timer.c                         0x00000000   Number         0  timer.o ABSOLUTE
    HardWare\Variable.c                      0x00000000   Number         0  variable.o ABSOLUTE
    HardWare\Voice.c                         0x00000000   Number         0  voice.o ABSOLUTE
    Library\misc.c                           0x00000000   Number         0  misc.o ABSOLUTE
    Library\stm32f10x_adc.c                  0x00000000   Number         0  stm32f10x_adc.o ABSOLUTE
    Library\stm32f10x_bkp.c                  0x00000000   Number         0  stm32f10x_bkp.o ABSOLUTE
    Library\stm32f10x_can.c                  0x00000000   Number         0  stm32f10x_can.o ABSOLUTE
    Library\stm32f10x_cec.c                  0x00000000   Number         0  stm32f10x_cec.o ABSOLUTE
    Library\stm32f10x_crc.c                  0x00000000   Number         0  stm32f10x_crc.o ABSOLUTE
    Library\stm32f10x_dac.c                  0x00000000   Number         0  stm32f10x_dac.o ABSOLUTE
    Library\stm32f10x_dbgmcu.c               0x00000000   Number         0  stm32f10x_dbgmcu.o ABSOLUTE
    Library\stm32f10x_dma.c                  0x00000000   Number         0  stm32f10x_dma.o ABSOLUTE
    Library\stm32f10x_exti.c                 0x00000000   Number         0  stm32f10x_exti.o ABSOLUTE
    Library\stm32f10x_flash.c                0x00000000   Number         0  stm32f10x_flash.o ABSOLUTE
    Library\stm32f10x_fsmc.c                 0x00000000   Number         0  stm32f10x_fsmc.o ABSOLUTE
    Library\stm32f10x_gpio.c                 0x00000000   Number         0  stm32f10x_gpio.o ABSOLUTE
    Library\stm32f10x_i2c.c                  0x00000000   Number         0  stm32f10x_i2c.o ABSOLUTE
    Library\stm32f10x_iwdg.c                 0x00000000   Number         0  stm32f10x_iwdg.o ABSOLUTE
    Library\stm32f10x_pwr.c                  0x00000000   Number         0  stm32f10x_pwr.o ABSOLUTE
    Library\stm32f10x_rcc.c                  0x00000000   Number         0  stm32f10x_rcc.o ABSOLUTE
    Library\stm32f10x_rtc.c                  0x00000000   Number         0  stm32f10x_rtc.o ABSOLUTE
    Library\stm32f10x_sdio.c                 0x00000000   Number         0  stm32f10x_sdio.o ABSOLUTE
    Library\stm32f10x_spi.c                  0x00000000   Number         0  stm32f10x_spi.o ABSOLUTE
    Library\stm32f10x_tim.c                  0x00000000   Number         0  stm32f10x_tim.o ABSOLUTE
    Library\stm32f10x_usart.c                0x00000000   Number         0  stm32f10x_usart.o ABSOLUTE
    Library\stm32f10x_wwdg.c                 0x00000000   Number         0  stm32f10x_wwdg.o ABSOLUTE
    Start\\core_cm3.c                        0x00000000   Number         0  core_cm3.o ABSOLUTE
    Start\core_cm3.c                         0x00000000   Number         0  core_cm3.o ABSOLUTE
    Start\startup_stm32f10x_md.s             0x00000000   Number         0  startup_stm32f10x_md.o ABSOLUTE
    Start\system_stm32f10x.c                 0x00000000   Number         0  system_stm32f10x.o ABSOLUTE
    User\main.c                              0x00000000   Number         0  main.o ABSOLUTE
    User\stm32f10x_it.c                      0x00000000   Number         0  stm32f10x_it.o ABSOLUTE
    dc.s                                     0x00000000   Number         0  dc.o ABSOLUTE
    RESET                                    0x08000000   Section      236  startup_stm32f10x_md.o(RESET)
    !!!main                                  0x080000ec   Section        8  __main.o(!!!main)
    !!!scatter                               0x080000f4   Section       52  __scatter.o(!!!scatter)
    !!handler_copy                           0x08000128   Section       26  __scatter_copy.o(!!handler_copy)
    !!handler_zi                             0x08000144   Section       28  __scatter_zi.o(!!handler_zi)
    .ARM.Collect$$libinit$$00000000          0x08000160   Section        2  libinit.o(.ARM.Collect$$libinit$$00000000)
    .ARM.Collect$$libinit$$00000002          0x08000162   Section        0  libinit2.o(.ARM.Collect$$libinit$$00000002)
    .ARM.Collect$$libinit$$00000004          0x08000162   Section        0  libinit2.o(.ARM.Collect$$libinit$$00000004)
    .ARM.Collect$$libinit$$0000000A          0x08000162   Section        0  libinit2.o(.ARM.Collect$$libinit$$0000000A)
    .ARM.Collect$$libinit$$0000000C          0x08000162   Section        0  libinit2.o(.ARM.Collect$$libinit$$0000000C)
    .ARM.Collect$$libinit$$0000000E          0x08000162   Section        0  libinit2.o(.ARM.Collect$$libinit$$0000000E)
    .ARM.Collect$$libinit$$00000011          0x08000162   Section        0  libinit2.o(.ARM.Collect$$libinit$$00000011)
    .ARM.Collect$$libinit$$00000013          0x08000162   Section        0  libinit2.o(.ARM.Collect$$libinit$$00000013)
    .ARM.Collect$$libinit$$00000015          0x08000162   Section        0  libinit2.o(.ARM.Collect$$libinit$$00000015)
    .ARM.Collect$$libinit$$00000017          0x08000162   Section        0  libinit2.o(.ARM.Collect$$libinit$$00000017)
    .ARM.Collect$$libinit$$00000019          0x08000162   Section        0  libinit2.o(.ARM.Collect$$libinit$$00000019)
    .ARM.Collect$$libinit$$0000001B          0x08000162   Section        0  libinit2.o(.ARM.Collect$$libinit$$0000001B)
    .ARM.Collect$$libinit$$0000001D          0x08000162   Section        0  libinit2.o(.ARM.Collect$$libinit$$0000001D)
    .ARM.Collect$$libinit$$0000001F          0x08000162   Section        0  libinit2.o(.ARM.Collect$$libinit$$0000001F)
    .ARM.Collect$$libinit$$00000021          0x08000162   Section        0  libinit2.o(.ARM.Collect$$libinit$$00000021)
    .ARM.Collect$$libinit$$00000023          0x08000162   Section        0  libinit2.o(.ARM.Collect$$libinit$$00000023)
    .ARM.Collect$$libinit$$00000025          0x08000162   Section        0  libinit2.o(.ARM.Collect$$libinit$$00000025)
    .ARM.Collect$$libinit$$0000002C          0x08000162   Section        0  libinit2.o(.ARM.Collect$$libinit$$0000002C)
    .ARM.Collect$$libinit$$0000002E          0x08000162   Section        0  libinit2.o(.ARM.Collect$$libinit$$0000002E)
    .ARM.Collect$$libinit$$00000030          0x08000162   Section        0  libinit2.o(.ARM.Collect$$libinit$$00000030)
    .ARM.Collect$$libinit$$00000032          0x08000162   Section        0  libinit2.o(.ARM.Collect$$libinit$$00000032)
    .ARM.Collect$$libinit$$00000033          0x08000162   Section        2  libinit2.o(.ARM.Collect$$libinit$$00000033)
    .ARM.Collect$$libshutdown$$00000000      0x08000164   Section        2  libshutdown.o(.ARM.Collect$$libshutdown$$00000000)
    .ARM.Collect$$libshutdown$$00000002      0x08000166   Section        0  libshutdown2.o(.ARM.Collect$$libshutdown$$00000002)
    .ARM.Collect$$libshutdown$$00000004      0x08000166   Section        0  libshutdown2.o(.ARM.Collect$$libshutdown$$00000004)
    .ARM.Collect$$libshutdown$$00000007      0x08000166   Section        0  libshutdown2.o(.ARM.Collect$$libshutdown$$00000007)
    .ARM.Collect$$libshutdown$$0000000A      0x08000166   Section        0  libshutdown2.o(.ARM.Collect$$libshutdown$$0000000A)
    .ARM.Collect$$libshutdown$$0000000C      0x08000166   Section        0  libshutdown2.o(.ARM.Collect$$libshutdown$$0000000C)
    .ARM.Collect$$libshutdown$$0000000F      0x08000166   Section        0  libshutdown2.o(.ARM.Collect$$libshutdown$$0000000F)
    .ARM.Collect$$libshutdown$$00000010      0x08000166   Section        2  libshutdown2.o(.ARM.Collect$$libshutdown$$00000010)
    .ARM.Collect$$rtentry$$00000000          0x08000168   Section        0  __rtentry.o(.ARM.Collect$$rtentry$$00000000)
    .ARM.Collect$$rtentry$$00000002          0x08000168   Section        0  __rtentry2.o(.ARM.Collect$$rtentry$$00000002)
    .ARM.Collect$$rtentry$$00000004          0x08000168   Section        6  __rtentry4.o(.ARM.Collect$$rtentry$$00000004)
    .ARM.Collect$$rtentry$$00000009          0x0800016e   Section        0  __rtentry2.o(.ARM.Collect$$rtentry$$00000009)
    .ARM.Collect$$rtentry$$0000000A          0x0800016e   Section        4  __rtentry2.o(.ARM.Collect$$rtentry$$0000000A)
    .ARM.Collect$$rtentry$$0000000C          0x08000172   Section        0  __rtentry2.o(.ARM.Collect$$rtentry$$0000000C)
    .ARM.Collect$$rtentry$$0000000D          0x08000172   Section        8  __rtentry2.o(.ARM.Collect$$rtentry$$0000000D)
    .ARM.Collect$$rtexit$$00000000           0x0800017a   Section        2  rtexit.o(.ARM.Collect$$rtexit$$00000000)
    .ARM.Collect$$rtexit$$00000002           0x0800017c   Section        0  rtexit2.o(.ARM.Collect$$rtexit$$00000002)
    .ARM.Collect$$rtexit$$00000003           0x0800017c   Section        4  rtexit2.o(.ARM.Collect$$rtexit$$00000003)
    .ARM.Collect$$rtexit$$00000004           0x08000180   Section        6  rtexit2.o(.ARM.Collect$$rtexit$$00000004)
    .text                                    0x08000188   Section       64  startup_stm32f10x_md.o(.text)
    .text                                    0x080001c8   Section        0  heapauxi.o(.text)
    .text                                    0x080001d0   Section        8  libspace.o(.text)
    .text                                    0x080001d8   Section       74  sys_stackheap_outer.o(.text)
    .text                                    0x08000222   Section        0  exit.o(.text)
    .text                                    0x08000234   Section        0  sys_exit.o(.text)
    .text                                    0x08000240   Section        2  use_no_semi.o(.text)
    .text                                    0x08000242   Section        0  indicate_semi.o(.text)
    i.Action_Hello                           0x08000244   Section        0  petaction.o(i.Action_Hello)
    i.Action_HipUp                           0x08000310   Section        0  petaction.o(i.Action_HipUp)
    i.Action_JumpD                           0x08000348   Section        0  petaction.o(i.Action_JumpD)
    i.Action_JumpU                           0x080003e0   Section        0  petaction.o(i.Action_JumpU)
    i.Action_Lrotation                       0x0800047c   Section        0  petaction.o(i.Action_Lrotation)
    i.Action_Lstretch                        0x08000588   Section        0  petaction.o(i.Action_Lstretch)
    i.Action_Rrotation                       0x08000748   Section        0  petaction.o(i.Action_Rrotation)
    i.Action_Swing                           0x08000854   Section        0  petaction.o(i.Action_Swing)
    i.Action_SwingTail                       0x080009a4   Section        0  petaction.o(i.Action_SwingTail)
    i.Action_advance                         0x08000a74   Section        0  petaction.o(i.Action_advance)
    i.Action_back                            0x08000c14   Section        0  petaction.o(i.Action_back)
    i.Action_getdowm                         0x08000db4   Section        0  petaction.o(i.Action_getdowm)
    i.Action_relaxed_getdowm                 0x08000de8   Section        0  petaction.o(i.Action_relaxed_getdowm)
    i.Action_sit                             0x08000e20   Section        0  petaction.o(i.Action_sit)
    i.Action_stretch                         0x08000e58   Section        0  petaction.o(i.Action_stretch)
    i.Action_upright                         0x08000f7c   Section        0  petaction.o(i.Action_upright)
    i.Action_upright2                        0x08000fb0   Section        0  petaction.o(i.Action_upright2)
    i.BlueTooth_Init                         0x08000fe4   Section        0  bluetooth.o(i.BlueTooth_Init)
    i.BusFault_Handler                       0x080010a8   Section        0  stm32f10x_it.o(i.BusFault_Handler)
    i.DebugMon_Handler                       0x080010ac   Section        0  stm32f10x_it.o(i.DebugMon_Handler)
    i.Delay_ms                               0x080010ae   Section        0  delay.o(i.Delay_ms)
    i.Delay_us                               0x080010c6   Section        0  delay.o(i.Delay_us)
    i.Face_Config                            0x080010f4   Section        0  face_config.o(i.Face_Config)
    i.Face_RequestRefresh                    0x08001200   Section        0  face_config.o(i.Face_RequestRefresh)
    i.GPIO_Init                              0x08001214   Section        0  stm32f10x_gpio.o(i.GPIO_Init)
    i.GPIO_ReadInputDataBit                  0x0800132a   Section        0  stm32f10x_gpio.o(i.GPIO_ReadInputDataBit)
    i.GPIO_WriteBit                          0x0800133c   Section        0  stm32f10x_gpio.o(i.GPIO_WriteBit)
    i.HardFault_Handler                      0x08001346   Section        0  stm32f10x_it.o(i.HardFault_Handler)
    i.LED_Breathing                          0x0800134c   Section        0  led_breathing.o(i.LED_Breathing)
    i.MemManage_Handler                      0x0800143c   Section        0  stm32f10x_it.o(i.MemManage_Handler)
    i.NMI_Handler                            0x08001440   Section        0  stm32f10x_it.o(i.NMI_Handler)
    i.NVIC_Init                              0x08001444   Section        0  misc.o(i.NVIC_Init)
    i.NVIC_PriorityGroupConfig               0x080014b4   Section        0  misc.o(i.NVIC_PriorityGroupConfig)
    i.OLED_Clear                             0x080014c8   Section        0  oled.o(i.OLED_Clear)
    i.OLED_ClearArea                         0x080014f0   Section        0  oled.o(i.OLED_ClearArea)
    i.OLED_GPIO_Init                         0x08001580   Section        0  oled.o(i.OLED_GPIO_Init)
    OLED_GPIO_Init                           0x08001581   Thumb Code    56  oled.o(i.OLED_GPIO_Init)
    i.OLED_I2C_BusRecover                    0x080015bc   Section        0  oled.o(i.OLED_I2C_BusRecover)
    OLED_I2C_BusRecover                      0x080015bd   Thumb Code    38  oled.o(i.OLED_I2C_BusRecover)
    i.OLED_I2C_Delay                         0x080015e2   Section        0  oled.o(i.OLED_I2C_Delay)
    OLED_I2C_Delay                           0x080015e3   Thumb Code    10  oled.o(i.OLED_I2C_Delay)
    i.OLED_I2C_SendByte                      0x080015ec   Section        0  oled.o(i.OLED_I2C_SendByte)
    OLED_I2C_SendByte                        0x080015ed   Thumb Code    16  oled.o(i.OLED_I2C_SendByte)
    i.OLED_I2C_SendByteRaw                   0x080015fc   Section        0  oled.o(i.OLED_I2C_SendByteRaw)
    OLED_I2C_SendByteRaw                     0x080015fd   Thumb Code    50  oled.o(i.OLED_I2C_SendByteRaw)
    i.OLED_I2C_SkipAck                       0x0800162e   Section        0  oled.o(i.OLED_I2C_SkipAck)
    OLED_I2C_SkipAck                         0x0800162f   Thumb Code    22  oled.o(i.OLED_I2C_SkipAck)
    i.OLED_I2C_Start                         0x08001644   Section        0  oled.o(i.OLED_I2C_Start)
    OLED_I2C_Start                           0x08001645   Thumb Code    28  oled.o(i.OLED_I2C_Start)
    i.OLED_I2C_Stop                          0x08001660   Section        0  oled.o(i.OLED_I2C_Stop)
    OLED_I2C_Stop                            0x08001661   Thumb Code    22  oled.o(i.OLED_I2C_Stop)
    i.OLED_I2C_WaitAck                       0x08001676   Section        0  oled.o(i.OLED_I2C_WaitAck)
    OLED_I2C_WaitAck                         0x08001677   Thumb Code    44  oled.o(i.OLED_I2C_WaitAck)
    i.OLED_Init                              0x080016a2   Section        0  oled.o(i.OLED_Init)
    i.OLED_R_SDA                             0x080016e4   Section        0  oled.o(i.OLED_R_SDA)
    OLED_R_SDA                               0x080016e5   Thumb Code    14  oled.o(i.OLED_R_SDA)
    i.OLED_SDA_SetInput                      0x080016f8   Section        0  oled.o(i.OLED_SDA_SetInput)
    OLED_SDA_SetInput                        0x080016f9   Thumb Code    32  oled.o(i.OLED_SDA_SetInput)
    i.OLED_SDA_SetOutput                     0x0800171c   Section        0  oled.o(i.OLED_SDA_SetOutput)
    OLED_SDA_SetOutput                       0x0800171d   Thumb Code    32  oled.o(i.OLED_SDA_SetOutput)
    i.OLED_SelectConfig                      0x08001740   Section        0  oled.o(i.OLED_SelectConfig)
    OLED_SelectConfig                        0x08001741   Thumb Code    50  oled.o(i.OLED_SelectConfig)
    i.OLED_SendInitSequence                  0x0800177c   Section        0  oled.o(i.OLED_SendInitSequence)
    OLED_SendInitSequence                    0x0800177d   Thumb Code    46  oled.o(i.OLED_SendInitSequence)
    i.OLED_SetCursor                         0x080017b0   Section        0  oled.o(i.OLED_SetCursor)
    i.OLED_ShowImage                         0x080017e0   Section        0  oled.o(i.OLED_ShowImage)
    i.OLED_Update                            0x080018dc   Section        0  oled.o(i.OLED_Update)
    i.OLED_W_SCL                             0x08001904   Section        0  oled.o(i.OLED_W_SCL)
    OLED_W_SCL                               0x08001905   Thumb Code    22  oled.o(i.OLED_W_SCL)
    i.OLED_W_SDA                             0x08001920   Section        0  oled.o(i.OLED_W_SDA)
    OLED_W_SDA                               0x08001921   Thumb Code    22  oled.o(i.OLED_W_SDA)
    i.OLED_WriteCommand                      0x0800193c   Section        0  oled.o(i.OLED_WriteCommand)
    OLED_WriteCommand                        0x0800193d   Thumb Code    40  oled.o(i.OLED_WriteCommand)
    i.OLED_WriteData                         0x08001964   Section        0  oled.o(i.OLED_WriteData)
    OLED_WriteData                           0x08001965   Thumb Code    60  oled.o(i.OLED_WriteData)
    i.PWM_LED1                               0x080019a0   Section        0  timer.o(i.PWM_LED1)
    i.PWM_LED2                               0x080019b4   Section        0  timer.o(i.PWM_LED2)
    i.PWM_SetCompare1                        0x080019c8   Section        0  servo.o(i.PWM_SetCompare1)
    i.PWM_SetCompare2                        0x080019d8   Section        0  servo.o(i.PWM_SetCompare2)
    i.PWM_SetCompare3                        0x080019e8   Section        0  servo.o(i.PWM_SetCompare3)
    i.PWM_SetCompare4                        0x080019f8   Section        0  servo.o(i.PWM_SetCompare4)
    i.PWM_WSetCompare                        0x08001a08   Section        0  timer.o(i.PWM_WSetCompare)
    i.PendSV_Handler                         0x08001a1c   Section        0  stm32f10x_it.o(i.PendSV_Handler)
    i.PetAction_Judgmengt                    0x08001a20   Section        0  petaction.o(i.PetAction_Judgmengt)
    i.PetAction_Perform                      0x08001da4   Section        0  petaction.o(i.PetAction_Perform)
    i.PetAction_ServiceFace                  0x08001e98   Section        0  petaction.o(i.PetAction_ServiceFace)
    PetAction_ServiceFace                    0x08001e99   Thumb Code    32  petaction.o(i.PetAction_ServiceFace)
    i.PetAction_ServiceFaceEvery             0x08001ec8   Section        0  petaction.o(i.PetAction_ServiceFaceEvery)
    PetAction_ServiceFaceEvery               0x08001ec9   Thumb Code    28  petaction.o(i.PetAction_ServiceFaceEvery)
    i.RCC_APB1PeriphClockCmd                 0x08001ee4   Section        0  stm32f10x_rcc.o(i.RCC_APB1PeriphClockCmd)
    i.RCC_APB2PeriphClockCmd                 0x08001f04   Section        0  stm32f10x_rcc.o(i.RCC_APB2PeriphClockCmd)
    i.RCC_GetClocksFreq                      0x08001f24   Section        0  stm32f10x_rcc.o(i.RCC_GetClocksFreq)
    i.SVC_Handler                            0x08001ff8   Section        0  stm32f10x_it.o(i.SVC_Handler)
    i.Servo_Angle1                           0x08001ffc   Section        0  servo.o(i.Servo_Angle1)
    i.Servo_Angle2                           0x08002038   Section        0  servo.o(i.Servo_Angle2)
    i.Servo_Angle3                           0x0800207c   Section        0  servo.o(i.Servo_Angle3)
    i.Servo_Angle4                           0x080020b8   Section        0  servo.o(i.Servo_Angle4)
    i.Servo_Init                             0x080020fc   Section        0  servo.o(i.Servo_Init)
    i.SetSysClock                            0x080021b0   Section        0  system_stm32f10x.o(i.SetSysClock)
    SetSysClock                              0x080021b1   Thumb Code     8  system_stm32f10x.o(i.SetSysClock)
    i.SetSysClockTo72                        0x080021b8   Section        0  system_stm32f10x.o(i.SetSysClockTo72)
    SetSysClockTo72                          0x080021b9   Thumb Code   214  system_stm32f10x.o(i.SetSysClockTo72)
    i.SysTick_Handler                        0x08002298   Section        0  stm32f10x_it.o(i.SysTick_Handler)
    i.SystemInit                             0x0800229c   Section        0  system_stm32f10x.o(i.SystemInit)
    i.TIM3_IRQHandler                        0x080022fc   Section        0  main.o(i.TIM3_IRQHandler)
    i.TIM_ClearITPendingBit                  0x08002340   Section        0  stm32f10x_tim.o(i.TIM_ClearITPendingBit)
    i.TIM_Cmd                                0x08002346   Section        0  stm32f10x_tim.o(i.TIM_Cmd)
    i.TIM_GetITStatus                        0x0800235e   Section        0  stm32f10x_tim.o(i.TIM_GetITStatus)
    i.TIM_ITConfig                           0x08002380   Section        0  stm32f10x_tim.o(i.TIM_ITConfig)
    i.TIM_InternalClockConfig                0x08002392   Section        0  stm32f10x_tim.o(i.TIM_InternalClockConfig)
    i.TIM_OC1Init                            0x080023a0   Section        0  stm32f10x_tim.o(i.TIM_OC1Init)
    i.TIM_OC2Init                            0x08002438   Section        0  stm32f10x_tim.o(i.TIM_OC2Init)
    i.TIM_OC3Init                            0x080024dc   Section        0  stm32f10x_tim.o(i.TIM_OC3Init)
    i.TIM_OC4Init                            0x0800257c   Section        0  stm32f10x_tim.o(i.TIM_OC4Init)
    i.TIM_OCStructInit                       0x080025f8   Section        0  stm32f10x_tim.o(i.TIM_OCStructInit)
    i.TIM_SetCompare1                        0x0800260c   Section        0  stm32f10x_tim.o(i.TIM_SetCompare1)
    i.TIM_SetCompare2                        0x08002610   Section        0  stm32f10x_tim.o(i.TIM_SetCompare2)
    i.TIM_SetCompare3                        0x08002614   Section        0  stm32f10x_tim.o(i.TIM_SetCompare3)
    i.TIM_SetCompare4                        0x08002618   Section        0  stm32f10x_tim.o(i.TIM_SetCompare4)
    i.TIM_TimeBaseInit                       0x08002620   Section        0  stm32f10x_tim.o(i.TIM_TimeBaseInit)
    i.Timer_Init                             0x080026c4   Section        0  timer.o(i.Timer_Init)
    i.USART1_IRQHandler                      0x080027b4   Section        0  voice.o(i.USART1_IRQHandler)
    i.USART3_IRQHandler                      0x080027e8   Section        0  bluetooth.o(i.USART3_IRQHandler)
    i.USART_ClearITPendingBit                0x0800281c   Section        0  stm32f10x_usart.o(i.USART_ClearITPendingBit)
    i.USART_Cmd                              0x0800283a   Section        0  stm32f10x_usart.o(i.USART_Cmd)
    i.USART_GetITStatus                      0x08002852   Section        0  stm32f10x_usart.o(i.USART_GetITStatus)
    i.USART_ITConfig                         0x080028a6   Section        0  stm32f10x_usart.o(i.USART_ITConfig)
    i.USART_Init                             0x080028f0   Section        0  stm32f10x_usart.o(i.USART_Init)
    i.USART_ReceiveData                      0x080029c8   Section        0  stm32f10x_usart.o(i.USART_ReceiveData)
    i.UsageFault_Handler                     0x080029d2   Section        0  stm32f10x_it.o(i.UsageFault_Handler)
    i.Voice_Init                             0x080029d8   Section        0  voice.o(i.Voice_Init)
    i.WServo_Angle                           0x08002a90   Section        0  timer.o(i.WServo_Angle)
    i.main                                   0x08002acc   Section        0  main.o(i.main)
    x$fpl$fadd                               0x08002af4   Section      196  faddsub_clz.o(x$fpl$fadd)
    _fadd1                                   0x08002b03   Thumb Code     0  faddsub_clz.o(x$fpl$fadd)
    x$fpl$fdiv                               0x08002bb8   Section      388  fdiv.o(x$fpl$fdiv)
    _fdiv1                                   0x08002bb9   Thumb Code     0  fdiv.o(x$fpl$fdiv)
    x$fpl$ffixu                              0x08002d3c   Section       62  ffixu.o(x$fpl$ffixu)
    x$fpl$fflt                               0x08002d7c   Section       48  fflt_clz.o(x$fpl$fflt)
    x$fpl$ffltu                              0x08002dac   Section       38  fflt_clz.o(x$fpl$ffltu)
    x$fpl$fmul                               0x08002dd4   Section      258  fmul.o(x$fpl$fmul)
    x$fpl$fnaninf                            0x08002ed6   Section      140  fnaninf.o(x$fpl$fnaninf)
    x$fpl$fretinf                            0x08002f62   Section       10  fretinf.o(x$fpl$fretinf)
    x$fpl$frsb                               0x08002f6c   Section       20  faddsub_clz.o(x$fpl$frsb)
    x$fpl$fsub                               0x08002f80   Section      234  faddsub_clz.o(x$fpl$fsub)
    _fsub1                                   0x08002f8f   Thumb Code     0  faddsub_clz.o(x$fpl$fsub)
    x$fpl$usenofp                            0x0800306a   Section        0  usenofp.o(x$fpl$usenofp)
    .constdata                               0x0800306c   Section       72  oled.o(.constdata)
    OLED_InitCmds_SSD1306                    0x0800306c   Data          23  oled.o(.constdata)
    OLED_InitCmds_SH1106                     0x08003083   Data          23  oled.o(.constdata)
    OLED_ConfigTable                         0x0800309c   Data          24  oled.o(.constdata)
    .constdata                               0x080030b4   Section    10566  oled_data.o(.constdata)
    .data                                    0x20000000   Section       20  stm32f10x_rcc.o(.data)
    APBAHBPrescTable                         0x20000000   Data          16  stm32f10x_rcc.o(.data)
    ADCPrescTable                            0x20000010   Data           4  stm32f10x_rcc.o(.data)
    .data                                    0x20000014   Section        1  main.o(.data)
    FaceRefreshDiv                           0x20000014   Data           1  main.o(.data)
    .data                                    0x20000018   Section        4  oled.o(.data)
    OLED_CurrentConfig                       0x20000018   Data           4  oled.o(.data)
    .data                                    0x2000001c   Section       40  variable.o(.data)
    .bss                                     0x20000044   Section     1024  oled.o(.bss)
    .bss                                     0x20000444   Section       96  libspace.o(.bss)
    HEAP                                     0x200004a8   Section      512  startup_stm32f10x_md.o(HEAP)
    Heap_Mem                                 0x200004a8   Data         512  startup_stm32f10x_md.o(HEAP)
    STACK                                    0x200006a8   Section     1024  startup_stm32f10x_md.o(STACK)
    Stack_Mem                                0x200006a8   Data        1024  startup_stm32f10x_md.o(STACK)
    __initial_sp                             0x20000aa8   Data           0  startup_stm32f10x_md.o(STACK)

    Global Symbols

    Symbol Name                              Value     Ov Type        Size  Object(Section)

    BuildAttributes$$THM_ISAv4$P$D$K$B$S$PE$A:L22UL41UL21$X:L11$S22US41US21$IEEE1$IW$USESV6$~STKCKD$USESV7$~SHL$OTIME$ROPI$IEEEX$EBA8$UX$STANDARDLIB$REQ8$PRES8$EABIv2 0x00000000   Number         0  anon$$obj.o ABSOLUTE
    __ARM_use_no_argv                        0x00000000   Number         0  main.o ABSOLUTE
    _printf_flags                            0x00000000   Number         0  printf_stubs.o ABSOLUTE
    _printf_return_value                     0x00000000   Number         0  printf_stubs.o ABSOLUTE
    _printf_sizespec                         0x00000000   Number         0  printf_stubs.o ABSOLUTE
    _printf_widthprec                        0x00000000   Number         0  printf_stubs.o ABSOLUTE
    __ARM_exceptions_init                     - Undefined Weak Reference
    __alloca_initialize                       - Undefined Weak Reference
    __arm_preinit_                            - Undefined Weak Reference
    __cpp_initialize__aeabi_                  - Undefined Weak Reference
    __cxa_finalize                            - Undefined Weak Reference
    __sigvec_lookup                           - Undefined Weak Reference
    _atexit_init                              - Undefined Weak Reference
    _call_atexit_fns                          - Undefined Weak Reference
    _clock_init                               - Undefined Weak Reference
    _fp_trap_init                             - Undefined Weak Reference
    _fp_trap_shutdown                         - Undefined Weak Reference
    _get_lc_collate                           - Undefined Weak Reference
    _get_lc_monetary                          - Undefined Weak Reference
    _get_lc_time                              - Undefined Weak Reference
    _getenv_init                              - Undefined Weak Reference
    _handle_redirection                       - Undefined Weak Reference
    _init_alloc                               - Undefined Weak Reference
    _init_user_alloc                          - Undefined Weak Reference
    _initio                                   - Undefined Weak Reference
    _printf_mbtowc                            - Undefined Weak Reference
    _printf_wc                                - Undefined Weak Reference
    _rand_init                                - Undefined Weak Reference
    _signal_finish                            - Undefined Weak Reference
    _signal_init                              - Undefined Weak Reference
    _terminate_alloc                          - Undefined Weak Reference
    _terminate_user_alloc                     - Undefined Weak Reference
    _terminateio                              - Undefined Weak Reference
    __Vectors_Size                           0x000000ec   Number         0  startup_stm32f10x_md.o ABSOLUTE
    __Vectors                                0x08000000   Data           4  startup_stm32f10x_md.o(RESET)
    __Vectors_End                            0x080000ec   Data           0  startup_stm32f10x_md.o(RESET)
    __main                                   0x080000ed   Thumb Code     8  __main.o(!!!main)
    __scatterload                            0x080000f5   Thumb Code     0  __scatter.o(!!!scatter)
    __scatterload_rt2                        0x080000f5   Thumb Code    44  __scatter.o(!!!scatter)
    __scatterload_rt2_thumb_only             0x080000f5   Thumb Code     0  __scatter.o(!!!scatter)
    __scatterload_null                       0x08000103   Thumb Code     0  __scatter.o(!!!scatter)
    __scatterload_copy                       0x08000129   Thumb Code    26  __scatter_copy.o(!!handler_copy)
    __scatterload_zeroinit                   0x08000145   Thumb Code    28  __scatter_zi.o(!!handler_zi)
    __rt_lib_init                            0x08000161   Thumb Code     0  libinit.o(.ARM.Collect$$libinit$$00000000)
    __rt_lib_init_alloca_1                   0x08000163   Thumb Code     0  libinit2.o(.ARM.Collect$$libinit$$0000002E)
    __rt_lib_init_argv_1                     0x08000163   Thumb Code     0  libinit2.o(.ARM.Collect$$libinit$$0000002C)
    __rt_lib_init_atexit_1                   0x08000163   Thumb Code     0  libinit2.o(.ARM.Collect$$libinit$$0000001B)
    __rt_lib_init_clock_1                    0x08000163   Thumb Code     0  libinit2.o(.ARM.Collect$$libinit$$00000021)
    __rt_lib_init_cpp_1                      0x08000163   Thumb Code     0  libinit2.o(.ARM.Collect$$libinit$$00000032)
    __rt_lib_init_exceptions_1               0x08000163   Thumb Code     0  libinit2.o(.ARM.Collect$$libinit$$00000030)
    __rt_lib_init_fp_1                       0x08000163   Thumb Code     0  libinit2.o(.ARM.Collect$$libinit$$00000002)
    __rt_lib_init_fp_trap_1                  0x08000163   Thumb Code     0  libinit2.o(.ARM.Collect$$libinit$$0000001F)
    __rt_lib_init_getenv_1                   0x08000163   Thumb Code     0  libinit2.o(.ARM.Collect$$libinit$$00000023)
    __rt_lib_init_heap_1                     0x08000163   Thumb Code     0  libinit2.o(.ARM.Collect$$libinit$$0000000A)
    __rt_lib_init_lc_collate_1               0x08000163   Thumb Code     0  libinit2.o(.ARM.Collect$$libinit$$00000011)
    __rt_lib_init_lc_ctype_1                 0x08000163   Thumb Code     0  libinit2.o(.ARM.Collect$$libinit$$00000013)
    __rt_lib_init_lc_monetary_1              0x08000163   Thumb Code     0  libinit2.o(.ARM.Collect$$libinit$$00000015)
    __rt_lib_init_lc_numeric_1               0x08000163   Thumb Code     0  libinit2.o(.ARM.Collect$$libinit$$00000017)
    __rt_lib_init_lc_time_1                  0x08000163   Thumb Code     0  libinit2.o(.ARM.Collect$$libinit$$00000019)
    __rt_lib_init_preinit_1                  0x08000163   Thumb Code     0  libinit2.o(.ARM.Collect$$libinit$$00000004)
    __rt_lib_init_rand_1                     0x08000163   Thumb Code     0  libinit2.o(.ARM.Collect$$libinit$$0000000E)
    __rt_lib_init_return                     0x08000163   Thumb Code     0  libinit2.o(.ARM.Collect$$libinit$$00000033)
    __rt_lib_init_signal_1                   0x08000163   Thumb Code     0  libinit2.o(.ARM.Collect$$libinit$$0000001D)
    __rt_lib_init_stdio_1                    0x08000163   Thumb Code     0  libinit2.o(.ARM.Collect$$libinit$$00000025)
    __rt_lib_init_user_alloc_1               0x08000163   Thumb Code     0  libinit2.o(.ARM.Collect$$libinit$$0000000C)
    __rt_lib_shutdown                        0x08000165   Thumb Code     0  libshutdown.o(.ARM.Collect$$libshutdown$$00000000)
    __rt_lib_shutdown_cpp_1                  0x08000167   Thumb Code     0  libshutdown2.o(.ARM.Collect$$libshutdown$$00000002)
    __rt_lib_shutdown_fp_trap_1              0x08000167   Thumb Code     0  libshutdown2.o(.ARM.Collect$$libshutdown$$00000007)
    __rt_lib_shutdown_heap_1                 0x08000167   Thumb Code     0  libshutdown2.o(.ARM.Collect$$libshutdown$$0000000F)
    __rt_lib_shutdown_return                 0x08000167   Thumb Code     0  libshutdown2.o(.ARM.Collect$$libshutdown$$00000010)
    __rt_lib_shutdown_signal_1               0x08000167   Thumb Code     0  libshutdown2.o(.ARM.Collect$$libshutdown$$0000000A)
    __rt_lib_shutdown_stdio_1                0x08000167   Thumb Code     0  libshutdown2.o(.ARM.Collect$$libshutdown$$00000004)
    __rt_lib_shutdown_user_alloc_1           0x08000167   Thumb Code     0  libshutdown2.o(.ARM.Collect$$libshutdown$$0000000C)
    __rt_entry                               0x08000169   Thumb Code     0  __rtentry.o(.ARM.Collect$$rtentry$$00000000)
    __rt_entry_presh_1                       0x08000169   Thumb Code     0  __rtentry2.o(.ARM.Collect$$rtentry$$00000002)
    __rt_entry_sh                            0x08000169   Thumb Code     0  __rtentry4.o(.ARM.Collect$$rtentry$$00000004)
    __rt_entry_li                            0x0800016f   Thumb Code     0  __rtentry2.o(.ARM.Collect$$rtentry$$0000000A)
    __rt_entry_postsh_1                      0x0800016f   Thumb Code     0  __rtentry2.o(.ARM.Collect$$rtentry$$00000009)
    __rt_entry_main                          0x08000173   Thumb Code     0  __rtentry2.o(.ARM.Collect$$rtentry$$0000000D)
    __rt_entry_postli_1                      0x08000173   Thumb Code     0  __rtentry2.o(.ARM.Collect$$rtentry$$0000000C)
    __rt_exit                                0x0800017b   Thumb Code     0  rtexit.o(.ARM.Collect$$rtexit$$00000000)
    __rt_exit_ls                             0x0800017d   Thumb Code     0  rtexit2.o(.ARM.Collect$$rtexit$$00000003)
    __rt_exit_prels_1                        0x0800017d   Thumb Code     0  rtexit2.o(.ARM.Collect$$rtexit$$00000002)
    __rt_exit_exit                           0x08000181   Thumb Code     0  rtexit2.o(.ARM.Collect$$rtexit$$00000004)
    Reset_Handler                            0x08000189   Thumb Code     8  startup_stm32f10x_md.o(.text)
    ADC1_2_IRQHandler                        0x080001a3   Thumb Code     0  startup_stm32f10x_md.o(.text)
    CAN1_RX1_IRQHandler                      0x080001a3   Thumb Code     0  startup_stm32f10x_md.o(.text)
    CAN1_SCE_IRQHandler                      0x080001a3   Thumb Code     0  startup_stm32f10x_md.o(.text)
    DMA1_Channel1_IRQHandler                 0x080001a3   Thumb Code     0  startup_stm32f10x_md.o(.text)
    DMA1_Channel2_IRQHandler                 0x080001a3   Thumb Code     0  startup_stm32f10x_md.o(.text)
    DMA1_Channel3_IRQHandler                 0x080001a3   Thumb Code     0  startup_stm32f10x_md.o(.text)
    DMA1_Channel4_IRQHandler                 0x080001a3   Thumb Code     0  startup_stm32f10x_md.o(.text)
    DMA1_Channel5_IRQHandler                 0x080001a3   Thumb Code     0  startup_stm32f10x_md.o(.text)
    DMA1_Channel6_IRQHandler                 0x080001a3   Thumb Code     0  startup_stm32f10x_md.o(.text)
    DMA1_Channel7_IRQHandler                 0x080001a3   Thumb Code     0  startup_stm32f10x_md.o(.text)
    EXTI0_IRQHandler                         0x080001a3   Thumb Code     0  startup_stm32f10x_md.o(.text)
    EXTI15_10_IRQHandler                     0x080001a3   Thumb Code     0  startup_stm32f10x_md.o(.text)
    EXTI1_IRQHandler                         0x080001a3   Thumb Code     0  startup_stm32f10x_md.o(.text)
    EXTI2_IRQHandler                         0x080001a3   Thumb Code     0  startup_stm32f10x_md.o(.text)
    EXTI3_IRQHandler                         0x080001a3   Thumb Code     0  startup_stm32f10x_md.o(.text)
    EXTI4_IRQHandler                         0x080001a3   Thumb Code     0  startup_stm32f10x_md.o(.text)
    EXTI9_5_IRQHandler                       0x080001a3   Thumb Code     0  startup_stm32f10x_md.o(.text)
    FLASH_IRQHandler                         0x080001a3   Thumb Code     0  startup_stm32f10x_md.o(.text)
    I2C1_ER_IRQHandler                       0x080001a3   Thumb Code     0  startup_stm32f10x_md.o(.text)
    I2C1_EV_IRQHandler                       0x080001a3   Thumb Code     0  startup_stm32f10x_md.o(.text)
    I2C2_ER_IRQHandler                       0x080001a3   Thumb Code     0  startup_stm32f10x_md.o(.text)
    I2C2_EV_IRQHandler                       0x080001a3   Thumb Code     0  startup_stm32f10x_md.o(.text)
    PVD_IRQHandler                           0x080001a3   Thumb Code     0  startup_stm32f10x_md.o(.text)
    RCC_IRQHandler                           0x080001a3   Thumb Code     0  startup_stm32f10x_md.o(.text)
    RTCAlarm_IRQHandler                      0x080001a3   Thumb Code     0  startup_stm32f10x_md.o(.text)
    RTC_IRQHandler                           0x080001a3   Thumb Code     0  startup_stm32f10x_md.o(.text)
    SPI1_IRQHandler                          0x080001a3   Thumb Code     0  startup_stm32f10x_md.o(.text)
    SPI2_IRQHandler                          0x080001a3   Thumb Code     0  startup_stm32f10x_md.o(.text)
    TAMPER_IRQHandler                        0x080001a3   Thumb Code     0  startup_stm32f10x_md.o(.text)
    TIM1_BRK_IRQHandler                      0x080001a3   Thumb Code     0  startup_stm32f10x_md.o(.text)
    TIM1_CC_IRQHandler                       0x080001a3   Thumb Code     0  startup_stm32f10x_md.o(.text)
    TIM1_TRG_COM_IRQHandler                  0x080001a3   Thumb Code     0  startup_stm32f10x_md.o(.text)
    TIM1_UP_IRQHandler                       0x080001a3   Thumb Code     0  startup_stm32f10x_md.o(.text)
    TIM2_IRQHandler                          0x080001a3   Thumb Code     0  startup_stm32f10x_md.o(.text)
    TIM4_IRQHandler                          0x080001a3   Thumb Code     0  startup_stm32f10x_md.o(.text)
    USART2_IRQHandler                        0x080001a3   Thumb Code     0  startup_stm32f10x_md.o(.text)
    USBWakeUp_IRQHandler                     0x080001a3   Thumb Code     0  startup_stm32f10x_md.o(.text)
    USB_HP_CAN1_TX_IRQHandler                0x080001a3   Thumb Code     0  startup_stm32f10x_md.o(.text)
    USB_LP_CAN1_RX0_IRQHandler               0x080001a3   Thumb Code     0  startup_stm32f10x_md.o(.text)
    WWDG_IRQHandler                          0x080001a3   Thumb Code     0  startup_stm32f10x_md.o(.text)
    __user_initial_stackheap                 0x080001a5   Thumb Code     0  startup_stm32f10x_md.o(.text)
    __use_two_region_memory                  0x080001c9   Thumb Code     2  heapauxi.o(.text)
    __rt_heap_escrow$2region                 0x080001cb   Thumb Code     2  heapauxi.o(.text)
    __rt_heap_expand$2region                 0x080001cd   Thumb Code     2  heapauxi.o(.text)
    __user_libspace                          0x080001d1   Thumb Code     8  libspace.o(.text)
    __user_perproc_libspace                  0x080001d1   Thumb Code     0  libspace.o(.text)
    __user_perthread_libspace                0x080001d1   Thumb Code     0  libspace.o(.text)
    __user_setup_stackheap                   0x080001d9   Thumb Code    74  sys_stackheap_outer.o(.text)
    exit                                     0x08000223   Thumb Code    18  exit.o(.text)
    _sys_exit                                0x08000235   Thumb Code     8  sys_exit.o(.text)
    __I$use$semihosting                      0x08000241   Thumb Code     0  use_no_semi.o(.text)
    __use_no_semihosting_swi                 0x08000241   Thumb Code     2  use_no_semi.o(.text)
    __semihosting_library_function           0x08000243   Thumb Code     0  indicate_semi.o(.text)
    Action_Hello                             0x08000245   Thumb Code   186  petaction.o(i.Action_Hello)
    Action_HipUp                             0x08000311   Thumb Code    44  petaction.o(i.Action_HipUp)
    Action_JumpD                             0x08000349   Thumb Code   132  petaction.o(i.Action_JumpD)
    Action_JumpU                             0x080003e1   Thumb Code   136  petaction.o(i.Action_JumpU)
    Action_Lrotation                         0x0800047d   Thumb Code   240  petaction.o(i.Action_Lrotation)
    Action_Lstretch                          0x08000589   Thumb Code   430  petaction.o(i.Action_Lstretch)
    Action_Rrotation                         0x08000749   Thumb Code   240  petaction.o(i.Action_Rrotation)
    Action_Swing                             0x08000855   Thumb Code   326  petaction.o(i.Action_Swing)
    Action_SwingTail                         0x080009a5   Thumb Code   190  petaction.o(i.Action_SwingTail)
    Action_advance                           0x08000a75   Thumb Code   388  petaction.o(i.Action_advance)
    Action_back                              0x08000c15   Thumb Code   388  petaction.o(i.Action_back)
    Action_getdowm                           0x08000db5   Thumb Code    44  petaction.o(i.Action_getdowm)
    Action_relaxed_getdowm                   0x08000de9   Thumb Code    44  petaction.o(i.Action_relaxed_getdowm)
    Action_sit                               0x08000e21   Thumb Code    44  petaction.o(i.Action_sit)
    Action_stretch                           0x08000e59   Thumb Code   284  petaction.o(i.Action_stretch)
    Action_upright                           0x08000f7d   Thumb Code    44  petaction.o(i.Action_upright)
    Action_upright2                          0x08000fb1   Thumb Code    44  petaction.o(i.Action_upright2)
    BlueTooth_Init                           0x08000fe5   Thumb Code   182  bluetooth.o(i.BlueTooth_Init)
    BusFault_Handler                         0x080010a9   Thumb Code     4  stm32f10x_it.o(i.BusFault_Handler)
    DebugMon_Handler                         0x080010ad   Thumb Code     2  stm32f10x_it.o(i.DebugMon_Handler)
    Delay_ms                                 0x080010af   Thumb Code    24  delay.o(i.Delay_ms)
    Delay_us                                 0x080010c7   Thumb Code    46  delay.o(i.Delay_us)
    Face_Config                              0x080010f5   Thumb Code   222  face_config.o(i.Face_Config)
    Face_RequestRefresh                      0x08001201   Thumb Code    12  face_config.o(i.Face_RequestRefresh)
    GPIO_Init                                0x08001215   Thumb Code   278  stm32f10x_gpio.o(i.GPIO_Init)
    GPIO_ReadInputDataBit                    0x0800132b   Thumb Code    18  stm32f10x_gpio.o(i.GPIO_ReadInputDataBit)
    GPIO_WriteBit                            0x0800133d   Thumb Code    10  stm32f10x_gpio.o(i.GPIO_WriteBit)
    HardFault_Handler                        0x08001347   Thumb Code     4  stm32f10x_it.o(i.HardFault_Handler)
    LED_Breathing                            0x0800134d   Thumb Code   218  led_breathing.o(i.LED_Breathing)
    MemManage_Handler                        0x0800143d   Thumb Code     4  stm32f10x_it.o(i.MemManage_Handler)
    NMI_Handler                              0x08001441   Thumb Code     2  stm32f10x_it.o(i.NMI_Handler)
    NVIC_Init                                0x08001445   Thumb Code   100  misc.o(i.NVIC_Init)
    NVIC_PriorityGroupConfig                 0x080014b5   Thumb Code    10  misc.o(i.NVIC_PriorityGroupConfig)
    OLED_Clear                               0x080014c9   Thumb Code    36  oled.o(i.OLED_Clear)
    OLED_ClearArea                           0x080014f1   Thumb Code   140  oled.o(i.OLED_ClearArea)
    OLED_Init                                0x080016a3   Thumb Code    64  oled.o(i.OLED_Init)
    OLED_SetCursor                           0x080017b1   Thumb Code    44  oled.o(i.OLED_SetCursor)
    OLED_ShowImage                           0x080017e1   Thumb Code   248  oled.o(i.OLED_ShowImage)
    OLED_Update                              0x080018dd   Thumb Code    36  oled.o(i.OLED_Update)
    PWM_LED1                                 0x080019a1   Thumb Code    14  timer.o(i.PWM_LED1)
    PWM_LED2                                 0x080019b5   Thumb Code    14  timer.o(i.PWM_LED2)
    PWM_SetCompare1                          0x080019c9   Thumb Code    16  servo.o(i.PWM_SetCompare1)
    PWM_SetCompare2                          0x080019d9   Thumb Code    16  servo.o(i.PWM_SetCompare2)
    PWM_SetCompare3                          0x080019e9   Thumb Code    16  servo.o(i.PWM_SetCompare3)
    PWM_SetCompare4                          0x080019f9   Thumb Code    16  servo.o(i.PWM_SetCompare4)
    PWM_WSetCompare                          0x08001a09   Thumb Code    14  timer.o(i.PWM_WSetCompare)
    PendSV_Handler                           0x08001a1d   Thumb Code     2  stm32f10x_it.o(i.PendSV_Handler)
    PetAction_Judgmengt                      0x08001a21   Thumb Code   860  petaction.o(i.PetAction_Judgmengt)
    PetAction_Perform                        0x08001da5   Thumb Code   238  petaction.o(i.PetAction_Perform)
    RCC_APB1PeriphClockCmd                   0x08001ee5   Thumb Code    26  stm32f10x_rcc.o(i.RCC_APB1PeriphClockCmd)
    RCC_APB2PeriphClockCmd                   0x08001f05   Thumb Code    26  stm32f10x_rcc.o(i.RCC_APB2PeriphClockCmd)
    RCC_GetClocksFreq                        0x08001f25   Thumb Code   192  stm32f10x_rcc.o(i.RCC_GetClocksFreq)
    SVC_Handler                              0x08001ff9   Thumb Code     2  stm32f10x_it.o(i.SVC_Handler)
    Servo_Angle1                             0x08001ffd   Thumb Code    48  servo.o(i.Servo_Angle1)
    Servo_Angle2                             0x08002039   Thumb Code    56  servo.o(i.Servo_Angle2)
    Servo_Angle3                             0x0800207d   Thumb Code    48  servo.o(i.Servo_Angle3)
    Servo_Angle4                             0x080020b9   Thumb Code    56  servo.o(i.Servo_Angle4)
    Servo_Init                               0x080020fd   Thumb Code   176  servo.o(i.Servo_Init)
    SysTick_Handler                          0x08002299   Thumb Code     2  stm32f10x_it.o(i.SysTick_Handler)
    SystemInit                               0x0800229d   Thumb Code    78  system_stm32f10x.o(i.SystemInit)
    TIM3_IRQHandler                          0x080022fd   Thumb Code    54  main.o(i.TIM3_IRQHandler)
    TIM_ClearITPendingBit                    0x08002341   Thumb Code     6  stm32f10x_tim.o(i.TIM_ClearITPendingBit)
    TIM_Cmd                                  0x08002347   Thumb Code    24  stm32f10x_tim.o(i.TIM_Cmd)
    TIM_GetITStatus                          0x0800235f   Thumb Code    34  stm32f10x_tim.o(i.TIM_GetITStatus)
    TIM_ITConfig                             0x08002381   Thumb Code    18  stm32f10x_tim.o(i.TIM_ITConfig)
    TIM_InternalClockConfig                  0x08002393   Thumb Code    12  stm32f10x_tim.o(i.TIM_InternalClockConfig)
    TIM_OC1Init                              0x080023a1   Thumb Code   132  stm32f10x_tim.o(i.TIM_OC1Init)
    TIM_OC2Init                              0x08002439   Thumb Code   154  stm32f10x_tim.o(i.TIM_OC2Init)
    TIM_OC3Init                              0x080024dd   Thumb Code   150  stm32f10x_tim.o(i.TIM_OC3Init)
    TIM_OC4Init                              0x0800257d   Thumb Code   114  stm32f10x_tim.o(i.TIM_OC4Init)
    TIM_OCStructInit                         0x080025f9   Thumb Code    20  stm32f10x_tim.o(i.TIM_OCStructInit)
    TIM_SetCompare1                          0x0800260d   Thumb Code     4  stm32f10x_tim.o(i.TIM_SetCompare1)
    TIM_SetCompare2                          0x08002611   Thumb Code     4  stm32f10x_tim.o(i.TIM_SetCompare2)
    TIM_SetCompare3                          0x08002615   Thumb Code     4  stm32f10x_tim.o(i.TIM_SetCompare3)
    TIM_SetCompare4                          0x08002619   Thumb Code     6  stm32f10x_tim.o(i.TIM_SetCompare4)
    TIM_TimeBaseInit                         0x08002621   Thumb Code   122  stm32f10x_tim.o(i.TIM_TimeBaseInit)
    Timer_Init                               0x080026c5   Thumb Code   226  timer.o(i.Timer_Init)
    USART1_IRQHandler                        0x080027b5   Thumb Code    44  voice.o(i.USART1_IRQHandler)
    USART3_IRQHandler                        0x080027e9   Thumb Code    44  bluetooth.o(i.USART3_IRQHandler)
    USART_ClearITPendingBit                  0x0800281d   Thumb Code    30  stm32f10x_usart.o(i.USART_ClearITPendingBit)
    USART_Cmd                                0x0800283b   Thumb Code    24  stm32f10x_usart.o(i.USART_Cmd)
    USART_GetITStatus                        0x08002853   Thumb Code    84  stm32f10x_usart.o(i.USART_GetITStatus)
    USART_ITConfig                           0x080028a7   Thumb Code    74  stm32f10x_usart.o(i.USART_ITConfig)
    USART_Init                               0x080028f1   Thumb Code   210  stm32f10x_usart.o(i.USART_Init)
    USART_ReceiveData                        0x080029c9   Thumb Code    10  stm32f10x_usart.o(i.USART_ReceiveData)
    UsageFault_Handler                       0x080029d3   Thumb Code     4  stm32f10x_it.o(i.UsageFault_Handler)
    Voice_Init                               0x080029d9   Thumb Code   174  voice.o(i.Voice_Init)
    WServo_Angle                             0x08002a91   Thumb Code    48  timer.o(i.WServo_Angle)
    main                                     0x08002acd   Thumb Code    40  main.o(i.main)
    __aeabi_fadd                             0x08002af5   Thumb Code     0  faddsub_clz.o(x$fpl$fadd)
    _fadd                                    0x08002af5   Thumb Code   196  faddsub_clz.o(x$fpl$fadd)
    __aeabi_fdiv                             0x08002bb9   Thumb Code     0  fdiv.o(x$fpl$fdiv)
    _fdiv                                    0x08002bb9   Thumb Code   384  fdiv.o(x$fpl$fdiv)
    __aeabi_f2uiz                            0x08002d3d   Thumb Code     0  ffixu.o(x$fpl$ffixu)
    _ffixu                                   0x08002d3d   Thumb Code    62  ffixu.o(x$fpl$ffixu)
    __aeabi_i2f                              0x08002d7d   Thumb Code     0  fflt_clz.o(x$fpl$fflt)
    _fflt                                    0x08002d7d   Thumb Code    48  fflt_clz.o(x$fpl$fflt)
    __aeabi_ui2f                             0x08002dad   Thumb Code     0  fflt_clz.o(x$fpl$ffltu)
    _ffltu                                   0x08002dad   Thumb Code    38  fflt_clz.o(x$fpl$ffltu)
    __aeabi_fmul                             0x08002dd5   Thumb Code     0  fmul.o(x$fpl$fmul)
    _fmul                                    0x08002dd5   Thumb Code   258  fmul.o(x$fpl$fmul)
    __fpl_fnaninf                            0x08002ed7   Thumb Code   140  fnaninf.o(x$fpl$fnaninf)
    __fpl_fretinf                            0x08002f63   Thumb Code    10  fretinf.o(x$fpl$fretinf)
    __aeabi_frsub                            0x08002f6d   Thumb Code     0  faddsub_clz.o(x$fpl$frsb)
    _frsb                                    0x08002f6d   Thumb Code    20  faddsub_clz.o(x$fpl$frsb)
    __aeabi_fsub                             0x08002f81   Thumb Code     0  faddsub_clz.o(x$fpl$fsub)
    _fsub                                    0x08002f81   Thumb Code   234  faddsub_clz.o(x$fpl$fsub)
    __I$use$fp                               0x0800306a   Number         0  usenofp.o(x$fpl$usenofp)
    OLED_F8x16                               0x080030b4   Data        1520  oled_data.o(.constdata)
    OLED_F6x8                                0x080036a4   Data         570  oled_data.o(.constdata)
    OLED_CF16x16                             0x080038de   Data         252  oled_data.o(.constdata)
    Diode                                    0x080039da   Data          32  oled_data.o(.constdata)
    Face_hello                               0x080039fa   Data        1024  oled_data.o(.constdata)
    Face_eyes                                0x08003dfa   Data        1024  oled_data.o(.constdata)
    Face_happy                               0x080041fa   Data        1024  oled_data.o(.constdata)
    Face_mania                               0x080045fa   Data        1024  oled_data.o(.constdata)
    Face_sleep                               0x080049fa   Data        1024  oled_data.o(.constdata)
    Face_stare                               0x08004dfa   Data        1024  oled_data.o(.constdata)
    Face_very_happy                          0x080051fa   Data        1024  oled_data.o(.constdata)
    Face_mambo                               0x080055fa   Data        1024  oled_data.o(.constdata)
    Region$$Table$$Base                      0x080059fc   Number         0  anon$$obj.o(Region$$Table)
    Region$$Table$$Limit                     0x08005a1c   Number         0  anon$$obj.o(Region$$Table)
    PAnumbers                                0x2000001c   Data           2  variable.o(.data)
    TiaoTurn                                 0x2000001e   Data           2  variable.o(.data)
    TiaoTurn2                                0x20000020   Data           2  variable.o(.data)
    Action_Mode                              0x20000022   Data           2  variable.o(.data)
    SpeedDelay                               0x20000024   Data           2  variable.o(.data)
    SwingDelay                               0x20000026   Data           2  variable.o(.data)
    Face_Mode                                0x20000028   Data           2  variable.o(.data)
    Face_Dirty                               0x2000002a   Data           1  variable.o(.data)
    Face_RefreshReq                          0x2000002b   Data           1  variable.o(.data)
    Face_LastMode                            0x2000002c   Data           2  variable.o(.data)
    WeiBa_Bit                                0x2000002e   Data           1  variable.o(.data)
    WeiBa_Value                              0x2000002f   Data           1  variable.o(.data)
    WeiBa_Dir                                0x20000030   Data           1  variable.o(.data)
    Sustainedmove                            0x20000032   Data           2  variable.o(.data)
    RxData_Voice                             0x20000034   Data           2  variable.o(.data)
    RxData_Blue                              0x20000036   Data           2  variable.o(.data)
    Time                                     0x20000038   Data           2  variable.o(.data)
    HuXi                                     0x2000003a   Data           2  variable.o(.data)
    PanDuan                                  0x2000003c   Data           2  variable.o(.data)
    Wait                                     0x2000003e   Data           2  variable.o(.data)
    AllLed                                   0x20000040   Data           2  variable.o(.data)
    BreatheLed                               0x20000042   Data           2  variable.o(.data)
    OLED_DisplayBuf                          0x20000044   Data        1024  oled.o(.bss)
    __libspace_start                         0x20000444   Data          96  libspace.o(.bss)
    __temporary_stack_top$libspace           0x200004a4   Data           0  libspace.o(.bss)



==============================================================================

Memory Map of the image

  Image Entry point : 0x080000ed

  Load Region LR_IROM1 (Base: 0x08000000, Size: 0x00005a60, Max: 0x00010000, ABSOLUTE)

    Execution Region ER_IROM1 (Exec base: 0x08000000, Load base: 0x08000000, Size: 0x00005a1c, Max: 0x00010000, ABSOLUTE)

    Exec Addr    Load Addr    Size         Type   Attr      Idx    E Section Name        Object

    0x08000000   0x08000000   0x000000ec   Data   RO           19    RESET               startup_stm32f10x_md.o
    0x080000ec   0x080000ec   0x00000008   Code   RO         3997  * !!!main             c_w.l(__main.o)
    0x080000f4   0x080000f4   0x00000034   Code   RO         4438    !!!scatter          c_w.l(__scatter.o)
    0x08000128   0x08000128   0x0000001a   Code   RO         4440    !!handler_copy      c_w.l(__scatter_copy.o)
    0x08000142   0x08000142   0x00000002   PAD
    0x08000144   0x08000144   0x0000001c   Code   RO         4442    !!handler_zi        c_w.l(__scatter_zi.o)
    0x08000160   0x08000160   0x00000002   Code   RO         4300    .ARM.Collect$$libinit$$00000000  c_w.l(libinit.o)
    0x08000162   0x08000162   0x00000000   Code   RO         4311    .ARM.Collect$$libinit$$00000002  c_w.l(libinit2.o)
    0x08000162   0x08000162   0x00000000   Code   RO         4313    .ARM.Collect$$libinit$$00000004  c_w.l(libinit2.o)
    0x08000162   0x08000162   0x00000000   Code   RO         4316    .ARM.Collect$$libinit$$0000000A  c_w.l(libinit2.o)
    0x08000162   0x08000162   0x00000000   Code   RO         4318    .ARM.Collect$$libinit$$0000000C  c_w.l(libinit2.o)
    0x08000162   0x08000162   0x00000000   Code   RO         4320    .ARM.Collect$$libinit$$0000000E  c_w.l(libinit2.o)
    0x08000162   0x08000162   0x00000000   Code   RO         4323    .ARM.Collect$$libinit$$00000011  c_w.l(libinit2.o)
    0x08000162   0x08000162   0x00000000   Code   RO         4325    .ARM.Collect$$libinit$$00000013  c_w.l(libinit2.o)
    0x08000162   0x08000162   0x00000000   Code   RO         4327    .ARM.Collect$$libinit$$00000015  c_w.l(libinit2.o)
    0x08000162   0x08000162   0x00000000   Code   RO         4329    .ARM.Collect$$libinit$$00000017  c_w.l(libinit2.o)
    0x08000162   0x08000162   0x00000000   Code   RO         4331    .ARM.Collect$$libinit$$00000019  c_w.l(libinit2.o)
    0x08000162   0x08000162   0x00000000   Code   RO         4333    .ARM.Collect$$libinit$$0000001B  c_w.l(libinit2.o)
    0x08000162   0x08000162   0x00000000   Code   RO         4335    .ARM.Collect$$libinit$$0000001D  c_w.l(libinit2.o)
    0x08000162   0x08000162   0x00000000   Code   RO         4337    .ARM.Collect$$libinit$$0000001F  c_w.l(libinit2.o)
    0x08000162   0x08000162   0x00000000   Code   RO         4339    .ARM.Collect$$libinit$$00000021  c_w.l(libinit2.o)
    0x08000162   0x08000162   0x00000000   Code   RO         4341    .ARM.Collect$$libinit$$00000023  c_w.l(libinit2.o)
    0x08000162   0x08000162   0x00000000   Code   RO         4343    .ARM.Collect$$libinit$$00000025  c_w.l(libinit2.o)
    0x08000162   0x08000162   0x00000000   Code   RO         4347    .ARM.Collect$$libinit$$0000002C  c_w.l(libinit2.o)
    0x08000162   0x08000162   0x00000000   Code   RO         4349    .ARM.Collect$$libinit$$0000002E  c_w.l(libinit2.o)
    0x08000162   0x08000162   0x00000000   Code   RO         4351    .ARM.Collect$$libinit$$00000030  c_w.l(libinit2.o)
    0x08000162   0x08000162   0x00000000   Code   RO         4353    .ARM.Collect$$libinit$$00000032  c_w.l(libinit2.o)
    0x08000162   0x08000162   0x00000002   Code   RO         4354    .ARM.Collect$$libinit$$00000033  c_w.l(libinit2.o)
    0x08000164   0x08000164   0x00000002   Code   RO         4378    .ARM.Collect$$libshutdown$$00000000  c_w.l(libshutdown.o)
    0x08000166   0x08000166   0x00000000   Code   RO         4391    .ARM.Collect$$libshutdown$$00000002  c_w.l(libshutdown2.o)
    0x08000166   0x08000166   0x00000000   Code   RO         4393    .ARM.Collect$$libshutdown$$00000004  c_w.l(libshutdown2.o)
    0x08000166   0x08000166   0x00000000   Code   RO         4396    .ARM.Collect$$libshutdown$$00000007  c_w.l(libshutdown2.o)
    0x08000166   0x08000166   0x00000000   Code   RO         4399    .ARM.Collect$$libshutdown$$0000000A  c_w.l(libshutdown2.o)
    0x08000166   0x08000166   0x00000000   Code   RO         4401    .ARM.Collect$$libshutdown$$0000000C  c_w.l(libshutdown2.o)
    0x08000166   0x08000166   0x00000000   Code   RO         4404    .ARM.Collect$$libshutdown$$0000000F  c_w.l(libshutdown2.o)
    0x08000166   0x08000166   0x00000002   Code   RO         4405    .ARM.Collect$$libshutdown$$00000010  c_w.l(libshutdown2.o)
    0x08000168   0x08000168   0x00000000   Code   RO         4065    .ARM.Collect$$rtentry$$00000000  c_w.l(__rtentry.o)
    0x08000168   0x08000168   0x00000000   Code   RO         4208    .ARM.Collect$$rtentry$$00000002  c_w.l(__rtentry2.o)
    0x08000168   0x08000168   0x00000006   Code   RO         4220    .ARM.Collect$$rtentry$$00000004  c_w.l(__rtentry4.o)
    0x0800016e   0x0800016e   0x00000000   Code   RO         4210    .ARM.Collect$$rtentry$$00000009  c_w.l(__rtentry2.o)
    0x0800016e   0x0800016e   0x00000004   Code   RO         4211    .ARM.Collect$$rtentry$$0000000A  c_w.l(__rtentry2.o)
    0x08000172   0x08000172   0x00000000   Code   RO         4213    .ARM.Collect$$rtentry$$0000000C  c_w.l(__rtentry2.o)
    0x08000172   0x08000172   0x00000008   Code   RO         4214    .ARM.Collect$$rtentry$$0000000D  c_w.l(__rtentry2.o)
    0x0800017a   0x0800017a   0x00000002   Code   RO         4305    .ARM.Collect$$rtexit$$00000000  c_w.l(rtexit.o)
    0x0800017c   0x0800017c   0x00000000   Code   RO         4358    .ARM.Collect$$rtexit$$00000002  c_w.l(rtexit2.o)
    0x0800017c   0x0800017c   0x00000004   Code   RO         4359    .ARM.Collect$$rtexit$$00000003  c_w.l(rtexit2.o)
    0x08000180   0x08000180   0x00000006   Code   RO         4360    .ARM.Collect$$rtexit$$00000004  c_w.l(rtexit2.o)
    0x08000186   0x08000186   0x00000002   PAD
    0x08000188   0x08000188   0x00000040   Code   RO           20    .text               startup_stm32f10x_md.o
    0x080001c8   0x080001c8   0x00000006   Code   RO         3995    .text               c_w.l(heapauxi.o)
    0x080001ce   0x080001ce   0x00000002   PAD
    0x080001d0   0x080001d0   0x00000008   Code   RO         4251    .text               c_w.l(libspace.o)
    0x080001d8   0x080001d8   0x0000004a   Code   RO         4254    .text               c_w.l(sys_stackheap_outer.o)
    0x08000222   0x08000222   0x00000012   Code   RO         4293    .text               c_w.l(exit.o)
    0x08000234   0x08000234   0x0000000c   Code   RO         4370    .text               c_w.l(sys_exit.o)
    0x08000240   0x08000240   0x00000002   Code   RO         4381    .text               c_w.l(use_no_semi.o)
    0x08000242   0x08000242   0x00000000   Code   RO         4383    .text               c_w.l(indicate_semi.o)
    0x08000242   0x08000242   0x00000002   PAD
    0x08000244   0x08000244   0x000000cc   Code   RO         3431    i.Action_Hello      petaction.o
    0x08000310   0x08000310   0x00000038   Code   RO         3432    i.Action_HipUp      petaction.o
    0x08000348   0x08000348   0x00000098   Code   RO         3433    i.Action_JumpD      petaction.o
    0x080003e0   0x080003e0   0x0000009c   Code   RO         3434    i.Action_JumpU      petaction.o
    0x0800047c   0x0800047c   0x0000010c   Code   RO         3435    i.Action_Lrotation  petaction.o
    0x08000588   0x08000588   0x000001c0   Code   RO         3436    i.Action_Lstretch   petaction.o
    0x08000748   0x08000748   0x0000010c   Code   RO         3437    i.Action_Rrotation  petaction.o
    0x08000854   0x08000854   0x00000150   Code   RO         3438    i.Action_Swing      petaction.o
    0x080009a4   0x080009a4   0x000000d0   Code   RO         3439    i.Action_SwingTail  petaction.o
    0x08000a74   0x08000a74   0x000001a0   Code   RO         3440    i.Action_advance    petaction.o
    0x08000c14   0x08000c14   0x000001a0   Code   RO         3441    i.Action_back       petaction.o
    0x08000db4   0x08000db4   0x00000034   Code   RO         3442    i.Action_getdowm    petaction.o
    0x08000de8   0x08000de8   0x00000038   Code   RO         3443    i.Action_relaxed_getdowm  petaction.o
    0x08000e20   0x08000e20   0x00000038   Code   RO         3444    i.Action_sit        petaction.o
    0x08000e58   0x08000e58   0x00000124   Code   RO         3445    i.Action_stretch    petaction.o
    0x08000f7c   0x08000f7c   0x00000034   Code   RO         3446    i.Action_upright    petaction.o
    0x08000fb0   0x08000fb0   0x00000034   Code   RO         3447    i.Action_upright2   petaction.o
    0x08000fe4   0x08000fe4   0x000000c4   Code   RO         3340    i.BlueTooth_Init    bluetooth.o
    0x080010a8   0x080010a8   0x00000004   Code   RO         3253    i.BusFault_Handler  stm32f10x_it.o
    0x080010ac   0x080010ac   0x00000002   Code   RO         3254    i.DebugMon_Handler  stm32f10x_it.o
    0x080010ae   0x080010ae   0x00000018   Code   RO         3316    i.Delay_ms          delay.o
    0x080010c6   0x080010c6   0x0000002e   Code   RO         3318    i.Delay_us          delay.o
    0x080010f4   0x080010f4   0x0000010c   Code   RO         3881    i.Face_Config       face_config.o
    0x08001200   0x08001200   0x00000014   Code   RO         3882    i.Face_RequestRefresh  face_config.o
    0x08001214   0x08001214   0x00000116   Code   RO         1347    i.GPIO_Init         stm32f10x_gpio.o
    0x0800132a   0x0800132a   0x00000012   Code   RO         1351    i.GPIO_ReadInputDataBit  stm32f10x_gpio.o
    0x0800133c   0x0800133c   0x0000000a   Code   RO         1358    i.GPIO_WriteBit     stm32f10x_gpio.o
    0x08001346   0x08001346   0x00000004   Code   RO         3255    i.HardFault_Handler  stm32f10x_it.o
    0x0800134a   0x0800134a   0x00000002   PAD
    0x0800134c   0x0800134c   0x000000f0   Code   RO         3923    i.LED_Breathing     led_breathing.o
    0x0800143c   0x0800143c   0x00000004   Code   RO         3256    i.MemManage_Handler  stm32f10x_it.o
    0x08001440   0x08001440   0x00000002   Code   RO         3257    i.NMI_Handler       stm32f10x_it.o
    0x08001442   0x08001442   0x00000002   PAD
    0x08001444   0x08001444   0x00000070   Code   RO          137    i.NVIC_Init         misc.o
    0x080014b4   0x080014b4   0x00000014   Code   RO          138    i.NVIC_PriorityGroupConfig  misc.o
    0x080014c8   0x080014c8   0x00000028   Code   RO         3573    i.OLED_Clear        oled.o
    0x080014f0   0x080014f0   0x00000090   Code   RO         3574    i.OLED_ClearArea    oled.o
    0x08001580   0x08001580   0x0000003c   Code   RO         3582    i.OLED_GPIO_Init    oled.o
    0x080015bc   0x080015bc   0x00000026   Code   RO         3584    i.OLED_I2C_BusRecover  oled.o
    0x080015e2   0x080015e2   0x0000000a   Code   RO         3585    i.OLED_I2C_Delay    oled.o
    0x080015ec   0x080015ec   0x00000010   Code   RO         3586    i.OLED_I2C_SendByte  oled.o
    0x080015fc   0x080015fc   0x00000032   Code   RO         3587    i.OLED_I2C_SendByteRaw  oled.o
    0x0800162e   0x0800162e   0x00000016   Code   RO         3588    i.OLED_I2C_SkipAck  oled.o
    0x08001644   0x08001644   0x0000001c   Code   RO         3589    i.OLED_I2C_Start    oled.o
    0x08001660   0x08001660   0x00000016   Code   RO         3590    i.OLED_I2C_Stop     oled.o
    0x08001676   0x08001676   0x0000002c   Code   RO         3591    i.OLED_I2C_WaitAck  oled.o
    0x080016a2   0x080016a2   0x00000040   Code   RO         3592    i.OLED_Init         oled.o
    0x080016e2   0x080016e2   0x00000002   PAD
    0x080016e4   0x080016e4   0x00000014   Code   RO         3596    i.OLED_R_SDA        oled.o
    0x080016f8   0x080016f8   0x00000024   Code   RO         3599    i.OLED_SDA_SetInput  oled.o
    0x0800171c   0x0800171c   0x00000024   Code   RO         3600    i.OLED_SDA_SetOutput  oled.o
    0x08001740   0x08001740   0x0000003c   Code   RO         3601    i.OLED_SelectConfig  oled.o
    0x0800177c   0x0800177c   0x00000034   Code   RO         3602    i.OLED_SendInitSequence  oled.o
    0x080017b0   0x080017b0   0x00000030   Code   RO         3603    i.OLED_SetCursor    oled.o
    0x080017e0   0x080017e0   0x000000fc   Code   RO         3609    i.OLED_ShowImage    oled.o
    0x080018dc   0x080018dc   0x00000028   Code   RO         3613    i.OLED_Update       oled.o
    0x08001904   0x08001904   0x0000001c   Code   RO         3615    i.OLED_W_SCL        oled.o
    0x08001920   0x08001920   0x0000001c   Code   RO         3616    i.OLED_W_SDA        oled.o
    0x0800193c   0x0800193c   0x00000028   Code   RO         3617    i.OLED_WriteCommand  oled.o
    0x08001964   0x08001964   0x0000003c   Code   RO         3618    i.OLED_WriteData    oled.o
    0x080019a0   0x080019a0   0x00000014   Code   RO         3935    i.PWM_LED1          timer.o
    0x080019b4   0x080019b4   0x00000014   Code   RO         3936    i.PWM_LED2          timer.o
    0x080019c8   0x080019c8   0x00000010   Code   RO         3371    i.PWM_SetCompare1   servo.o
    0x080019d8   0x080019d8   0x00000010   Code   RO         3372    i.PWM_SetCompare2   servo.o
    0x080019e8   0x080019e8   0x00000010   Code   RO         3373    i.PWM_SetCompare3   servo.o
    0x080019f8   0x080019f8   0x00000010   Code   RO         3374    i.PWM_SetCompare4   servo.o
    0x08001a08   0x08001a08   0x00000014   Code   RO         3937    i.PWM_WSetCompare   timer.o
    0x08001a1c   0x08001a1c   0x00000002   Code   RO         3258    i.PendSV_Handler    stm32f10x_it.o
    0x08001a1e   0x08001a1e   0x00000002   PAD
    0x08001a20   0x08001a20   0x00000384   Code   RO         3448    i.PetAction_Judgmengt  petaction.o
    0x08001da4   0x08001da4   0x000000f4   Code   RO         3449    i.PetAction_Perform  petaction.o
    0x08001e98   0x08001e98   0x00000030   Code   RO         3450    i.PetAction_ServiceFace  petaction.o
    0x08001ec8   0x08001ec8   0x0000001c   Code   RO         3451    i.PetAction_ServiceFaceEvery  petaction.o
    0x08001ee4   0x08001ee4   0x00000020   Code   RO         1775    i.RCC_APB1PeriphClockCmd  stm32f10x_rcc.o
    0x08001f04   0x08001f04   0x00000020   Code   RO         1777    i.RCC_APB2PeriphClockCmd  stm32f10x_rcc.o
    0x08001f24   0x08001f24   0x000000d4   Code   RO         1785    i.RCC_GetClocksFreq  stm32f10x_rcc.o
    0x08001ff8   0x08001ff8   0x00000002   Code   RO         3259    i.SVC_Handler       stm32f10x_it.o
    0x08001ffa   0x08001ffa   0x00000002   PAD
    0x08001ffc   0x08001ffc   0x0000003c   Code   RO         3375    i.Servo_Angle1      servo.o
    0x08002038   0x08002038   0x00000044   Code   RO         3376    i.Servo_Angle2      servo.o
    0x0800207c   0x0800207c   0x0000003c   Code   RO         3377    i.Servo_Angle3      servo.o
    0x080020b8   0x080020b8   0x00000044   Code   RO         3378    i.Servo_Angle4      servo.o
    0x080020fc   0x080020fc   0x000000b4   Code   RO         3379    i.Servo_Init        servo.o
    0x080021b0   0x080021b0   0x00000008   Code   RO           24    i.SetSysClock       system_stm32f10x.o
    0x080021b8   0x080021b8   0x000000e0   Code   RO           25    i.SetSysClockTo72   system_stm32f10x.o
    0x08002298   0x08002298   0x00000002   Code   RO         3260    i.SysTick_Handler   stm32f10x_it.o
    0x0800229a   0x0800229a   0x00000002   PAD
    0x0800229c   0x0800229c   0x00000060   Code   RO           27    i.SystemInit        system_stm32f10x.o
    0x080022fc   0x080022fc   0x00000044   Code   RO         3196    i.TIM3_IRQHandler   main.o
    0x08002340   0x08002340   0x00000006   Code   RO         2416    i.TIM_ClearITPendingBit  stm32f10x_tim.o
    0x08002346   0x08002346   0x00000018   Code   RO         2421    i.TIM_Cmd           stm32f10x_tim.o
    0x0800235e   0x0800235e   0x00000022   Code   RO         2442    i.TIM_GetITStatus   stm32f10x_tim.o
    0x08002380   0x08002380   0x00000012   Code   RO         2446    i.TIM_ITConfig      stm32f10x_tim.o
    0x08002392   0x08002392   0x0000000c   Code   RO         2448    i.TIM_InternalClockConfig  stm32f10x_tim.o
    0x0800239e   0x0800239e   0x00000002   PAD
    0x080023a0   0x080023a0   0x00000098   Code   RO         2450    i.TIM_OC1Init       stm32f10x_tim.o
    0x08002438   0x08002438   0x000000a4   Code   RO         2455    i.TIM_OC2Init       stm32f10x_tim.o
    0x080024dc   0x080024dc   0x000000a0   Code   RO         2460    i.TIM_OC3Init       stm32f10x_tim.o
    0x0800257c   0x0800257c   0x0000007c   Code   RO         2465    i.TIM_OC4Init       stm32f10x_tim.o
    0x080025f8   0x080025f8   0x00000014   Code   RO         2468    i.TIM_OCStructInit  stm32f10x_tim.o
    0x0800260c   0x0800260c   0x00000004   Code   RO         2482    i.TIM_SetCompare1   stm32f10x_tim.o
    0x08002610   0x08002610   0x00000004   Code   RO         2483    i.TIM_SetCompare2   stm32f10x_tim.o
    0x08002614   0x08002614   0x00000004   Code   RO         2484    i.TIM_SetCompare3   stm32f10x_tim.o
    0x08002618   0x08002618   0x00000006   Code   RO         2485    i.TIM_SetCompare4   stm32f10x_tim.o
    0x0800261e   0x0800261e   0x00000002   PAD
    0x08002620   0x08002620   0x000000a4   Code   RO         2492    i.TIM_TimeBaseInit  stm32f10x_tim.o
    0x080026c4   0x080026c4   0x000000f0   Code   RO         3938    i.Timer_Init        timer.o
    0x080027b4   0x080027b4   0x00000034   Code   RO         3971    i.USART1_IRQHandler  voice.o
    0x080027e8   0x080027e8   0x00000034   Code   RO         3341    i.USART3_IRQHandler  bluetooth.o
    0x0800281c   0x0800281c   0x0000001e   Code   RO         2957    i.USART_ClearITPendingBit  stm32f10x_usart.o
    0x0800283a   0x0800283a   0x00000018   Code   RO         2960    i.USART_Cmd         stm32f10x_usart.o
    0x08002852   0x08002852   0x00000054   Code   RO         2964    i.USART_GetITStatus  stm32f10x_usart.o
    0x080028a6   0x080028a6   0x0000004a   Code   RO         2966    i.USART_ITConfig    stm32f10x_usart.o
    0x080028f0   0x080028f0   0x000000d8   Code   RO         2967    i.USART_Init        stm32f10x_usart.o
    0x080029c8   0x080029c8   0x0000000a   Code   RO         2974    i.USART_ReceiveData  stm32f10x_usart.o
    0x080029d2   0x080029d2   0x00000004   Code   RO         3261    i.UsageFault_Handler  stm32f10x_it.o
    0x080029d6   0x080029d6   0x00000002   PAD
    0x080029d8   0x080029d8   0x000000b8   Code   RO         3972    i.Voice_Init        voice.o
    0x08002a90   0x08002a90   0x0000003c   Code   RO         3939    i.WServo_Angle      timer.o
    0x08002acc   0x08002acc   0x00000028   Code   RO         3197    i.main              main.o
    0x08002af4   0x08002af4   0x000000c4   Code   RO         4031    x$fpl$fadd          fz_ws.l(faddsub_clz.o)
    0x08002bb8   0x08002bb8   0x00000184   Code   RO         4038    x$fpl$fdiv          fz_ws.l(fdiv.o)
    0x08002d3c   0x08002d3c   0x0000003e   Code   RO         4041    x$fpl$ffixu         fz_ws.l(ffixu.o)
    0x08002d7a   0x08002d7a   0x00000002   PAD
    0x08002d7c   0x08002d7c   0x00000030   Code   RO         4046    x$fpl$fflt          fz_ws.l(fflt_clz.o)
    0x08002dac   0x08002dac   0x00000026   Code   RO         4045    x$fpl$ffltu         fz_ws.l(fflt_clz.o)
    0x08002dd2   0x08002dd2   0x00000002   PAD
    0x08002dd4   0x08002dd4   0x00000102   Code   RO         4053    x$fpl$fmul          fz_ws.l(fmul.o)
    0x08002ed6   0x08002ed6   0x0000008c   Code   RO         4169    x$fpl$fnaninf       fz_ws.l(fnaninf.o)
    0x08002f62   0x08002f62   0x0000000a   Code   RO         4171    x$fpl$fretinf       fz_ws.l(fretinf.o)
    0x08002f6c   0x08002f6c   0x00000014   Code   RO         4032    x$fpl$frsb          fz_ws.l(faddsub_clz.o)
    0x08002f80   0x08002f80   0x000000ea   Code   RO         4033    x$fpl$fsub          fz_ws.l(faddsub_clz.o)
    0x0800306a   0x0800306a   0x00000000   Code   RO         4181    x$fpl$usenofp       fz_ws.l(usenofp.o)
    0x0800306a   0x0800306a   0x00000002   PAD
    0x0800306c   0x0800306c   0x00000048   Data   RO         3621    .constdata          oled.o
    0x080030b4   0x080030b4   0x00002946   Data   RO         3869    .constdata          oled_data.o
    0x080059fa   0x080059fa   0x00000002   PAD
    0x080059fc   0x080059fc   0x00000020   Data   RO         4436    Region$$Table       anon$$obj.o


    Execution Region RW_IRAM1 (Exec base: 0x20000000, Load base: 0x08005a1c, Size: 0x00000aa8, Max: 0x00005000, ABSOLUTE)

    Exec Addr    Load Addr    Size         Type   Attr      Idx    E Section Name        Object

    0x20000000   0x08005a1c   0x00000014   Data   RW         1805    .data               stm32f10x_rcc.o
    0x20000014   0x08005a30   0x00000001   Data   RW         3198    .data               main.o
    0x20000015   0x08005a31   0x00000003   PAD
    0x20000018   0x08005a34   0x00000004   Data   RW         3622    .data               oled.o
    0x2000001c   0x08005a38   0x00000028   Data   RW         3911    .data               variable.o
    0x20000044        -       0x00000400   Zero   RW         3620    .bss                oled.o
    0x20000444        -       0x00000060   Zero   RW         4252    .bss                c_w.l(libspace.o)
    0x200004a4   0x08005a60   0x00000004   PAD
    0x200004a8        -       0x00000200   Zero   RW           18    HEAP                startup_stm32f10x_md.o
    0x200006a8        -       0x00000400   Zero   RW           17    STACK               startup_stm32f10x_md.o


==============================================================================

Image component sizes


      Code (inc. data)   RO Data    RW Data    ZI Data      Debug   Object Name

       248         22          0          0          0       1177   bluetooth.o
         0          0          0          0          0       4532   core_cm3.o
        70          0          0          0          0        986   delay.o
       288         62          0          0          0       1132   face_config.o
       240         22          0          0          0        604   led_breathing.o
       108         14          0          1          0        981   main.o
       132         22          0          0          0     204879   misc.o
      1238         66         72          4       1024      13432   oled.o
         0          0      10566          0          0       1562   oled_data.o
      4708        426          0          0          0      14530   petaction.o
       500         52          0          0          0       4817   servo.o
        64         26        236          0       1536        800   startup_stm32f10x_md.o
         0          0          0          0          0       1684   stm32f10x_adc.o
       306          0          0          0          0      11468   stm32f10x_gpio.o
        26          0          0          0          0       3974   stm32f10x_it.o
       276         32          0         20          0      13118   stm32f10x_rcc.o
       896         92          0          0          0      29751   stm32f10x_tim.o
       438          6          0          0          0      11588   stm32f10x_usart.o
       328         28          0          0          0      45425   system_stm32f10x.o
       360         44          0          0          0       2772   timer.o
         0          0          0         40          0       1368   variable.o
       236         18          0          0          0       1145   voice.o

    ----------------------------------------------------------------------
     10480        932      10908         68       2560     371725   Object Totals
         0          0         32          0          0          0   (incl. Generated)
        18          0          2          3          0          0   (incl. Padding)

    ----------------------------------------------------------------------

      Code (inc. data)   RO Data    RW Data    ZI Data      Debug   Library Member Name

         8          0          0          0          0         68   __main.o
         0          0          0          0          0          0   __rtentry.o
        12          0          0          0          0          0   __rtentry2.o
         6          0          0          0          0          0   __rtentry4.o
        52          8          0          0          0          0   __scatter.o
        26          0          0          0          0          0   __scatter_copy.o
        28          0          0          0          0          0   __scatter_zi.o
        18          0          0          0          0         80   exit.o
         6          0          0          0          0        152   heapauxi.o
         0          0          0          0          0          0   indicate_semi.o
         2          0          0          0          0          0   libinit.o
         2          0          0          0          0          0   libinit2.o
         2          0          0          0          0          0   libshutdown.o
         2          0          0          0          0          0   libshutdown2.o
         8          4          0          0         96         68   libspace.o
         2          0          0          0          0          0   rtexit.o
        10          0          0          0          0          0   rtexit2.o
        12          4          0          0          0         68   sys_exit.o
        74          0          0          0          0         80   sys_stackheap_outer.o
         2          0          0          0          0         68   use_no_semi.o
       450          8          0          0          0        236   faddsub_clz.o
       388         76          0          0          0         96   fdiv.o
        62          4          0          0          0         84   ffixu.o
        86          0          0          0          0        136   fflt_clz.o
       258          4          0          0          0         84   fmul.o
       140          4          0          0          0         84   fnaninf.o
        10          0          0          0          0         68   fretinf.o
         0          0          0          0          0          0   usenofp.o

    ----------------------------------------------------------------------
      1680        112          0          0        100       1372   Library Totals
        14          0          0          0          4          0   (incl. Padding)

    ----------------------------------------------------------------------

      Code (inc. data)   RO Data    RW Data    ZI Data      Debug   Library Name

       272         16          0          0         96        584   c_w.l
      1394         96          0          0          0        788   fz_ws.l

    ----------------------------------------------------------------------
      1680        112          0          0        100       1372   Library Totals

    ----------------------------------------------------------------------

==============================================================================


      Code (inc. data)   RO Data    RW Data    ZI Data      Debug   

     12160       1044      10908         68       2660     366853   Grand Totals
     12160       1044      10908         68       2660     366853   ELF Image Totals
     12160       1044      10908         68          0          0   ROM Totals

==============================================================================

    Total RO  Size (Code + RO Data)                23068 (  22.53kB)
    Total RW  Size (RW Data + ZI Data)              2728 (   2.66kB)
    Total ROM Size (Code + RO Data + RW Data)      23136 (  22.59kB)

==============================================================================

